Archive member included to satisfy reference by file (symbol)

../Middlewares/ST/AI/Lib\NetworkRuntime801_CM4_GCC.a(ai_platform.o)
                              ./X-CUBE-AI/App/network.o (ai_buffer_array_item_set_address)
../Middlewares/ST/AI/Lib\NetworkRuntime801_CM4_GCC.a(ai_platform_interface.o)
                              ./X-CUBE-AI/App/network.o (ai_platform_get_weights_map)
../Middlewares/ST/AI/Lib\NetworkRuntime801_CM4_GCC.a(core_mem_manager.o)
                              ../Middlewares/ST/AI/Lib\NetworkRuntime801_CM4_GCC.a(ai_platform_interface.o) (core_mem_alloc)
../Middlewares/ST/AI/Lib\NetworkRuntime801_CM4_GCC.a(core_common.o)
                              ../Middlewares/ST/AI/Lib\NetworkRuntime801_CM4_GCC.a(ai_platform_interface.o) (core_init)
../Middlewares/ST/AI/Lib\NetworkRuntime801_CM4_GCC.a(layers_conv2d_generic_float.o)
                              ./X-CUBE-AI/App/network.o (forward_dense)
../Middlewares/ST/AI/Lib\NetworkRuntime801_CM4_GCC.a(layers_nl_generic_float.o)
                              ./X-CUBE-AI/App/network.o (forward_relu)
../Middlewares/ST/AI/Lib\NetworkRuntime801_CM4_GCC.a(layers.o)
                              ../Middlewares/ST/AI/Lib\NetworkRuntime801_CM4_GCC.a(ai_platform_interface.o) (ai_check_custom_types)
../Middlewares/ST/AI/Lib\NetworkRuntime801_CM4_GCC.a(lite_dense_if32.o)
                              ../Middlewares/ST/AI/Lib\NetworkRuntime801_CM4_GCC.a(layers_conv2d_generic_float.o) (lite_dense_if32of32wf32)
../Middlewares/ST/AI/Lib\NetworkRuntime801_CM4_GCC.a(ai_math_helpers.o)
                              ../Middlewares/ST/AI/Lib\NetworkRuntime801_CM4_GCC.a(layers_nl_generic_float.o) (ai_math_sqrt)
../Middlewares/ST/AI/Lib\NetworkRuntime801_CM4_GCC.a(st_convolve_reference.o)
                              ../Middlewares/ST/AI/Lib\NetworkRuntime801_CM4_GCC.a(ai_math_helpers.o) (align_factor)
../Middlewares/ST/AI/Lib\NetworkRuntime801_CM4_GCC.a(arm_mat_init_f32.o)
                              ../Middlewares/ST/AI/Lib\NetworkRuntime801_CM4_GCC.a(layers_conv2d_generic_float.o) (arm_mat_init_f32)
../Middlewares/ST/AI/Lib\NetworkRuntime801_CM4_GCC.a(ai_datatypes_internal.o)
                              ../Middlewares/ST/AI/Lib\NetworkRuntime801_CM4_GCC.a(ai_platform_interface.o) (ai_version_get)
../Middlewares/ST/AI/Lib\NetworkRuntime801_CM4_GCC.a(ai_datatypes_format.o)
                              ../Middlewares/ST/AI/Lib\NetworkRuntime801_CM4_GCC.a(ai_platform_interface.o) (ai_array_to_buffer_fmt)
../Middlewares/ST/AI/Lib\NetworkRuntime801_CM4_GCC.a(layers_conv2d_stm32_integer.o)
                              ../Middlewares/ST/AI/Lib\NetworkRuntime801_CM4_GCC.a(layers.o) (get_conv2d_scratch_size)
../Middlewares/ST/AI/Lib\NetworkRuntime801_CM4_GCC.a(st_ssua8_convolve_dw.o)
                              ../Middlewares/ST/AI/Lib\NetworkRuntime801_CM4_GCC.a(layers_conv2d_stm32_integer.o) (st_ssua8_conv_dw_Wadapt)
../Middlewares/ST/AI/Lib\NetworkRuntime801_CM4_GCC.a(st_uaua8_ch_convolve.o)
                              ../Middlewares/ST/AI/Lib\NetworkRuntime801_CM4_GCC.a(layers_conv2d_stm32_integer.o) (st_uaua8_ch_convolve_rank1upd)
../Middlewares/ST/AI/Lib\NetworkRuntime801_CM4_GCC.a(st_ssua8_ch_convolve.o)
                              ../Middlewares/ST/AI/Lib\NetworkRuntime801_CM4_GCC.a(layers_conv2d_stm32_integer.o) (st_ssua8_ch_convolve_rank1upd)
../Middlewares/ST/AI/Lib\NetworkRuntime801_CM4_GCC.a(st_uaua8_convolve.o)
                              ../Middlewares/ST/AI/Lib\NetworkRuntime801_CM4_GCC.a(layers_conv2d_stm32_integer.o) (st_uaua8_convolve_rank1upd)
../Middlewares/ST/AI/Lib\NetworkRuntime801_CM4_GCC.a(st_ssua8_convolve.o)
                              ../Middlewares/ST/AI/Lib\NetworkRuntime801_CM4_GCC.a(layers_conv2d_stm32_integer.o) (st_ssua8_convolve_rank1upd)
../Middlewares/ST/AI/Lib\NetworkRuntime801_CM4_GCC.a(st_uaua8_ch_convolve_rgb.o)
                              ../Middlewares/ST/AI/Lib\NetworkRuntime801_CM4_GCC.a(layers_conv2d_stm32_integer.o) (st_uaua8_ch_convolve_rgb)
../Middlewares/ST/AI/Lib\NetworkRuntime801_CM4_GCC.a(st_uaua8_ch_convolve_dw.o)
                              ../Middlewares/ST/AI/Lib\NetworkRuntime801_CM4_GCC.a(layers_conv2d_stm32_integer.o) (st_uaua8_ch_conv_dw_Wadapt)
../Middlewares/ST/AI/Lib\NetworkRuntime801_CM4_GCC.a(st_ssua8_ch_convolve_rgb.o)
                              ../Middlewares/ST/AI/Lib\NetworkRuntime801_CM4_GCC.a(layers_conv2d_stm32_integer.o) (st_ssua8_ch_convolve_rgb)
../Middlewares/ST/AI/Lib\NetworkRuntime801_CM4_GCC.a(st_uaua8_convolve_rgb.o)
                              ../Middlewares/ST/AI/Lib\NetworkRuntime801_CM4_GCC.a(layers_conv2d_stm32_integer.o) (st_uaua8_convolve_rgb)
../Middlewares/ST/AI/Lib\NetworkRuntime801_CM4_GCC.a(st_ssua8_convolve_rgb.o)
                              ../Middlewares/ST/AI/Lib\NetworkRuntime801_CM4_GCC.a(layers_conv2d_stm32_integer.o) (st_ssua8_convolve_rgb)
../Middlewares/ST/AI/Lib\NetworkRuntime801_CM4_GCC.a(st_uaua8_ch_convolve_1x1.o)
[...]
Memory Configuration

Name             Origin             Length             Attributes
RAM              0x0000000020000000 0x0000000000020000 xrw
FLASH            0x0000000008000000 0x0000000000080000 xr
*default*        0x0000000000000000 0xffffffffffffffff

Linker script and memory map

LOAD c:/st/stm32cubeide_1.11.2/stm32cubeide/plugins/com.st.stm32cube.ide.mcu.externaltools.gnu-tools-for-stm32.10.3-2021.10.win32_1.0.200.202301161003/tools/bin/../lib/gcc/arm-none-eabi/10.3.1/thumb/v7e-m+fp/hard/crti.o
LOAD c:/st/stm32cubeide_1.11.2/stm32cubeide/plugins/com.st.stm32cube.ide.mcu.externaltools.gnu-tools-for-stm32.10.3-2021.10.win32_1.0.200.202301161003/tools/bin/../lib/gcc/arm-none-eabi/10.3.1/thumb/v7e-m+fp/hard/crtbegin.o
LOAD c:/st/stm32cubeide_1.11.2/stm32cubeide/plugins/com.st.stm32cube.ide.mcu.externaltools.gnu-tools-for-stm32.10.3-2021.10.win32_1.0.200.202301161003/tools/bin/../lib/gcc/arm-none-eabi/10.3.1/../../../../arm-none-eabi/lib/thumb/v7e-m+fp/hard/crt0.o
LOAD ./Core/Src/FEAT_EXT.o
LOAD ./Core/Src/Mapping.o
LOAD ./Core/Src/NORM_program.o
LOAD ./Core/Src/PWM.o
LOAD ./Core/Src/adc.o
LOAD ./Core/Src/crc.o
LOAD ./Core/Src/gpio.o
LOAD ./Core/Src/main.o
LOAD ./Core/Src/sensor_readings.o
LOAD ./Core/Src/servo.o
LOAD ./Core/Src/stm32f4xx_hal_msp.o
LOAD ./Core/Src/stm32f4xx_it.o
LOAD ./Core/Src/sysmem.o
LOAD ./Core/Src/system_stm32f4xx.o
LOAD ./Core/Src/tim.o
LOAD ./Core/Src/usart.o
LOAD ./Core/Startup/startup_stm32f446retx.o
LOAD ./Drivers/STM32F4xx_HAL_Driver/stm32f4xx_hal.o
LOAD ./Drivers/STM32F4xx_HAL_Driver/stm32f4xx_hal_adc.o
LOAD ./Drivers/STM32F4xx_HAL_Driver/stm32f4xx_hal_adc_ex.o
LOAD ./Drivers/STM32F4xx_HAL_Driver/stm32f4xx_hal_cortex.o
LOAD ./Drivers/STM32F4xx_HAL_Driver/stm32f4xx_hal_crc.o
LOAD ./Drivers/STM32F4xx_HAL_Driver/stm32f4xx_hal_dma.o
LOAD ./Drivers/STM32F4xx_HAL_Driver/stm32f4xx_hal_dma_ex.o
LOAD ./Drivers/STM32F4xx_HAL_Driver/stm32f4xx_hal_exti.o
LOAD ./Drivers/STM32F4xx_HAL_Driver/stm32f4xx_hal_flash.o
LOAD ./Drivers/STM32F4xx_HAL_Driver/stm32f4xx_hal_flash_ex.o
LOAD ./Drivers/STM32F4xx_HAL_Driver/stm32f4xx_hal_flash_ramfunc.o
LOAD ./Drivers/STM32F4xx_HAL_Driver/stm32f4xx_hal_gpio.o
LOAD ./Drivers/STM32F4xx_HAL_Driver/stm32f4xx_hal_pwr.o
LOAD ./Drivers/STM32F4xx_HAL_Driver/stm32f4xx_hal_pwr_ex.o
LOAD ./Drivers/STM32F4xx_HAL_Driver/stm32f4xx_hal_rcc.o
LOAD ./Drivers/STM32F4xx_HAL_Driver/stm32f4xx_hal_rcc_ex.o
LOAD ./Drivers/STM32F4xx_HAL_Driver/stm32f4xx_hal_tim.o
LOAD ./Drivers/STM32F4xx_HAL_Driver/stm32f4xx_hal_tim_ex.o
LOAD ./Drivers/STM32F4xx_HAL_Driver/stm32f4xx_hal_uart.o
LOAD ./Drivers/STM32F4xx_HAL_Driver/stm32f4xx_ll_adc.o
LOAD ./X-CUBE-AI/App/app_x-cube-ai.o
LOAD ./X-CUBE-AI/App/network.o
LOAD ./X-CUBE-AI/App/network_data.o
LOAD ./X-CUBE-AI/App/network_data_params.o
LOAD ../Middlewares/ST/AI/Lib\NetworkRuntime801_CM4_GCC.a
START GROUP
LOAD c:/st/stm32cubeide_1.11.2/stm32cubeide/plugins/com.st.stm32cube.ide.mcu.externaltools.gnu-tools-for-stm32.10.3-2021.10.win32_1.0.200.202301161003/tools/bin/../lib/gcc/arm-none-eabi/10.3.1/../../../../arm-none-eabi/lib/thumb/v7e-m+fp/hard\libc_nano.a
LOAD c:/st/stm32cubeide_1.11.2/stm32cubeide/plugins/com.st.stm32cube.ide.mcu.externaltools.gnu-tools-for-stm32.10.3-2021.10.win32_1.0.200.202301161003/tools/bin/../lib/gcc/arm-none-eabi/10.3.1/../../../../arm-none-eabi/lib/thumb/v7e-m+fp/hard\libm.a
END GROUP
START GROUP
LOAD c:/st/stm32cubeide_1.11.2/stm32cubeide/plugins/com.st.stm32cube.ide.mcu.externaltools.gnu-tools-for-stm32.10.3-2021.10.win32_1.0.200.202301161003/tools/bin/../lib/gcc/arm-none-eabi/10.3.1/thumb/v7e-m+fp/hard\libgcc.a
LOAD c:/st/stm32cubeide_1.11.2/stm32cubeide/plugins/com.st.stm32cube.ide.mcu.externaltools.gnu-tools-for-stm32.10.3-2021.10.win32_1.0.200.202301161003/tools/bin/../lib/gcc/arm-none-eabi/10.3.1/../../../../arm-none-eabi/lib/thumb/v7e-m+fp/hard\libc_nano.a
END GROUP
START GROUP
LOAD c:/st/stm32cubeide_1.11.2/stm32cubeide/plugins/com.st.stm32cube.ide.mcu.externaltools.gnu-tools-for-stm32.10.3-2021.10.win32_1.0.200.202301161003/tools/bin/../lib/gcc/arm-none-eabi/10.3.1/thumb/v7e-m+fp/hard\libgcc.a
LOAD c:/st/stm32cubeide_1.11.2/stm32cubeide/plugins/com.st.stm32cube.ide.mcu.externaltools.gnu-tools-for-stm32.10.3-2021.10.win32_1.0.200.202301161003/tools/bin/../lib/gcc/arm-none-eabi/10.3.1/../../../../arm-none-eabi/lib/thumb/v7e-m+fp/hard\libc_nano.a
LOAD c:/st/stm32cubeide_1.11.2/stm32cubeide/plugins/com.st.stm32cube.ide.mcu.externaltools.gnu-tools-for-stm32.10.3-2021.10.win32_1.0.200.202301161003/tools/bin/../lib/gcc/arm-none-eabi/10.3.1/../../../../arm-none-eabi/lib/thumb/v7e-m+fp/hard\libnosys.a
END GROUP
START GROUP
LOAD c:/st/stm32cubeide_1.11.2/stm32cubeide/plugins/com.st.stm32cube.ide.mcu.externaltools.gnu-tools-for-stm32.10.3-2021.10.win32_1.0.200.202301161003/tools/bin/../lib/gcc/arm-none-eabi/10.3.1/thumb/v7e-m+fp/hard\libgcc.a
LOAD c:/st/stm32cubeide_1.11.2/stm32cubeide/plugins/com.st.stm32cube.ide.mcu.externaltools.gnu-tools-for-stm32.10.3-2021.10.win32_1.0.200.202301161003/tools/bin/../lib/gcc/arm-none-eabi/10.3.1/../../../../arm-none-eabi/lib/thumb/v7e-m+fp/hard\libc_nano.a
LOAD c:/st/stm32cubeide_1.11.2/stm32cubeide/plugins/com.st.stm32cube.ide.mcu.externaltools.gnu-tools-for-stm32.10.3-2021.10.win32_1.0.200.202301161003/tools/bin/../lib/gcc/arm-none-eabi/10.3.1/../../../../arm-none-eabi/lib/thumb/v7e-m+fp/hard\libnosys.a
END GROUP
LOAD c:/st/stm32cubeide_1.11.2/stm32cubeide/plugins/com.st.stm32cube.ide.mcu.externaltools.gnu-tools-for-stm32.10.3-2021.10.win32_1.0.200.202301161003/tools/bin/../lib/gcc/arm-none-eabi/10.3.1/thumb/v7e-m+fp/hard/crtend.o
LOAD c:/st/stm32cubeide_1.11.2/stm32cubeide/plugins/com.st.stm32cube.ide.mcu.externaltools.gnu-tools-for-stm32.10.3-2021.10.win32_1.0.200.202301161003/tools/bin/../lib/gcc/arm-none-eabi/10.3.1/thumb/v7e-m+fp/hard/crtn.o
                0x0000000020020000                _estack = (ORIGIN (RAM) + LENGTH (RAM))
                0x0000000000000800                _Min_Heap_Size = 0x800
                0x0000000000000800                _Min_Stack_Size = 0x800

.isr_vector     0x0000000008000000      0x1c4
                0x0000000008000000                . = ALIGN (0x4)
 *(.isr_vector)
 .isr_vector    0x0000000008000000      0x1c4 ./Core/Startup/startup_stm32f446retx.o
                0x0000000008000000                g_pfnVectors
                0x00000000080001c4                . = ALIGN (0x4)

.text           0x00000000080001c8     0x9938
                0x00000000080001c8                . = ALIGN (0x4)
 *(.text)
 .text          0x00000000080001c8       0x40 c:/st/stm32cubeide_1.11.2/stm32cubeide/plugins/com.st.stm32cube.ide.mcu.externaltools.gnu-tools-for-stm32.10.3-2021.10.win32_1.0.200.202301161003/tools/bin/../lib/gcc/arm-none-eabi/10.3.1/thumb/v7e-m+fp/hard/crtbegin.o
 .text          0x0000000008000208      0x378 c:/st/stm32cubeide_1.11.2/stm32cubeide/plugins/com.st.stm32cube.ide.mcu.externaltools.gnu-tools-for-stm32.10.3-2021.10.win32_1.0.200.202301161003/tools/bin/../lib/gcc/arm-none-eabi/10.3.1/thumb/v7e-m+fp/hard\libgcc.a(_arm_addsubdf3.o)
                0x0000000008000208                __aeabi_drsub
                0x0000000008000210                __aeabi_dsub
                0x0000000008000210                __subdf3
                0x0000000008000214                __aeabi_dadd
                0x0000000008000214                __adddf3
                0x000000000800048c                __floatunsidf
                0x000000000800048c                __aeabi_ui2d
                0x00000000080004ac                __floatsidf
                0x00000000080004ac                __aeabi_i2d
                0x00000000080004d0                __aeabi_f2d
                0x00000000080004d0                __extendsfdf2
                0x0000000008000514                __floatundidf
                0x0000000008000514                __aeabi_ul2d
                0x0000000008000524                __floatdidf
                0x0000000008000524                __aeabi_l2d
 .text          0x0000000008000580      0x424 c:/st/stm32cubeide_1.11.2/stm32cubeide/plugins/com.st.stm32cube.ide.mcu.externaltools.gnu-tools-for-stm32.10.3-2021.10.win32_1.0.200.202301161003/tools/bin/../lib/gcc/arm-none-eabi/10.3.1/thumb/v7e-m+fp/hard\libgcc.a(_arm_muldivdf3.o)
                0x0000000008000580                __aeabi_dmul
                0x0000000008000580                __muldf3
                0x00000000080007d4                __divdf3
                0x00000000080007d4                __aeabi_ddiv
 .text          0x00000000080009a4      0x110 c:/st/stm32cubeide_1.11.2/stm32cubeide/plugins/com.st.stm32cube.ide.mcu.externaltools.gnu-tools-for-stm32.10.3-2021.10.win32_1.0.200.202301161003/tools/bin/../lib/gcc/arm-none-eabi/10.3.1/thumb/v7e-m+fp/hard\libgcc.a(_arm_cmpdf2.o)
                0x00000000080009a4                __gtdf2
                0x00000000080009a4                __gedf2
                0x00000000080009ac                __ltdf2
                0x00000000080009ac                __ledf2
                0x00000000080009b4                __nedf2
                0x00000000080009b4                __eqdf2
                0x00000000080009b4                __cmpdf2
                0x0000000008000a30                __aeabi_cdrcmple
                0x0000000008000a40                __aeabi_cdcmpeq
                0x0000000008000a40                __aeabi_cdcmple
                0x0000000008000a50                __aeabi_dcmpeq
                0x0000000008000a64                __aeabi_dcmplt
                0x0000000008000a78                __aeabi_dcmple
                0x0000000008000a8c                __aeabi_dcmpge
                0x0000000008000aa0                __aeabi_dcmpgt
 .text          0x0000000008000ab4       0x2c c:/st/stm32cubeide_1.11.2/stm32cubeide/plugins/com.st.stm32cube.ide.mcu.externaltools.gnu-tools-for-stm32.10.3-2021.10.win32_1.0.200.202301161003/tools/bin/../lib/gcc/arm-none-eabi/10.3.1/thumb/v7e-m+fp/hard\libgcc.a(_arm_unorddf2.o)
                0x0000000008000ab4                __unorddf2
                0x0000000008000ab4                __aeabi_dcmpun
 .text          0x0000000008000ae0       0xa0 c:/st/stm32cubeide_1.11.2/stm32cubeide/plugins/com.st.stm32cube.ide.mcu.externaltools.gnu-tools-for-stm32.10.3-2021.10.win32_1.0.200.202301161003/tools/bin/../lib/gcc/arm-none-eabi/10.3.1/thumb/v7e-m+fp/hard\libgcc.a(_arm_truncdfsf2.o)
                0x0000000008000ae0                __truncdfsf2
                0x0000000008000ae0                __aeabi_d2f
 .text          0x0000000008000b80       0x30 c:/st/stm32cubeide_1.11.2/stm32cubeide/plugins/com.st.stm32cube.ide.mcu.externaltools.gnu-tools-for-stm32.10.3-2021.10.win32_1.0.200.202301161003/tools/bin/../lib/gcc/arm-none-eabi/10.3.1/thumb/v7e-m+fp/hard\libgcc.a(_aeabi_uldivmod.o)
                0x0000000008000b80                __aeabi_uldivmod
 .text          0x0000000008000bb0      0x2d0 c:/st/stm32cubeide_1.11.2/stm32cubeide/plugins/com.st.stm32cube.ide.mcu.externaltools.gnu-tools-for-stm32.10.3-2021.10.win32_1.0.200.202301161003/tools/bin/../lib/gcc/arm-none-eabi/10.3.1/thumb/v7e-m+fp/hard\libgcc.a(_udivmoddi4.o)
                0x0000000008000bb0                __udivmoddi4
 .text          0x0000000008000e80        0x4 c:/st/stm32cubeide_1.11.2/stm32cubeide/plugins/com.st.stm32cube.ide.mcu.externaltools.gnu-tools-for-stm32.10.3-2021.10.win32_1.0.200.202301161003/tools/bin/../lib/gcc/arm-none-eabi/10.3.1/thumb/v7e-m+fp/hard\libgcc.a(_dvmd_tls.o)
                0x0000000008000e80                __aeabi_idiv0
                0x0000000008000e80                __aeabi_ldiv0
 *(.text*)
 .text.FEAT_EXT_u32_SlopeSignChange
                0x0000000008000e84      0x144 ./Core/Src/FEAT_EXT.o
                0x0000000008000e84                FEAT_EXT_u32_SlopeSignChange
 .text.FEAT_EXT_u32_ZeroCrossing
                0x0000000008000fc8       0xec ./Core/Src/FEAT_EXT.o
                0x0000000008000fc8                FEAT_EXT_u32_ZeroCrossing
 .text.FEAT_EXT_u32_WaveformLength
                0x00000000080010b4      0x10a ./Core/Src/FEAT_EXT.o
                0x00000000080010b4                FEAT_EXT_u32_WaveformLength
 .text.FEAT_EXT_f32_RMS
                0x00000000080011be       0x26 ./Core/Src/FEAT_EXT.o
                0x00000000080011be                FEAT_EXT_f32_RMS
 *fill*         0x00000000080011e4        0x4 
 .text.FEAT_EXT_f32_Variance
                0x00000000080011e8       0xc0 ./Core/Src/FEAT_EXT.o
                0x00000000080011e8                FEAT_EXT_f32_Variance
 .text.FEAT_EXT_f32_Mean
                0x00000000080012a8       0x6c ./Core/Src/FEAT_EXT.o
                0x00000000080012a8                FEAT_EXT_f32_Mean
 .text.FEAT_EXT_f32_MeanAbsolute
                0x0000000008001314       0x72 ./Core/Src/FEAT_EXT.o
                0x0000000008001314                FEAT_EXT_f32_MeanAbsolute
 .text.Mapping  0x0000000008001386       0x40 ./Core/Src/Mapping.o
                0x0000000008001386                Mapping
 *fill*         0x00000000080013c6        0x2 
 .text.NORM_f32_SlopeSignChange
                0x00000000080013c8       0xf0 ./Core/Src/NORM_program.o
                0x00000000080013c8                NORM_f32_SlopeSignChange
 .text.NORM_f32_ZeroCrossing
                0x00000000080014b8       0xc4 ./Core/Src/NORM_program.o
                0x00000000080014b8                NORM_f32_ZeroCrossing
 *fill*         0x000000000800157c        0x4 
 .text.NORM_f32_WaveformLength
                0x0000000008001580       0xf0 ./Core/Src/NORM_program.o
                0x0000000008001580                NORM_f32_WaveformLength
 .text.NORM_f32_RMS
                0x0000000008001670       0xf8 ./Core/Src/NORM_program.o
                0x0000000008001670                NORM_f32_RMS
 .text.NORM_f32_Variance
                0x0000000008001768       0xf0 ./Core/Src/NORM_program.o
                0x0000000008001768                NORM_f32_Variance
 .text.NORM_f32_Mean
                0x0000000008001858       0xf0 ./Core/Src/NORM_program.o
                0x0000000008001858                NORM_f32_Mean
 .text.PWM_int32SetPWMValue
                0x0000000008001948       0xa4 ./Core/Src/PWM.o
                0x0000000008001948                PWM_int32SetPWMValue
 .text.MX_ADC1_Init
                0x00000000080019ec       0xa4 ./Core/Src/adc.o
                0x00000000080019ec                MX_ADC1_Init
 .text.MX_ADC2_Init
                0x0000000008001a90       0xa4 ./Core/Src/adc.o
                0x0000000008001a90                MX_ADC2_Init
 .text.MX_ADC3_Init
                0x0000000008001b34       0xa4 ./Core/Src/adc.o
                0x0000000008001b34                MX_ADC3_Init
 .text.HAL_ADC_MspInit
                0x0000000008001bd8      0x17c ./Core/Src/adc.o
                0x0000000008001bd8                HAL_ADC_MspInit
 .text.MX_CRC_Init
                0x0000000008001d54       0x28 ./Core/Src/crc.o
                0x0000000008001d54                MX_CRC_Init
 .text.HAL_CRC_MspInit
                0x0000000008001d7c       0x44 ./Core/Src/crc.o
                0x0000000008001d7c                HAL_CRC_MspInit
 .text.MX_GPIO_Init
                0x0000000008001dc0       0xdc ./Core/Src/gpio.o
                0x0000000008001dc0                MX_GPIO_Init
 .text.HAL_TIM_PeriodElapsedCallback
                0x0000000008001e9c       0x74 ./Core/Src/main.o
                0x0000000008001e9c                HAL_TIM_PeriodElapsedCallback
 .text.Model_Init
                0x0000000008001f10       0x58 ./Core/Src/main.o
                0x0000000008001f10                Model_Init
 .text.Model_Run
                0x0000000008001f68       0x58 ./Core/Src/main.o
                0x0000000008001f68                Model_Run
 .text.main     0x0000000008001fc0      0xa6c ./Core/Src/main.o
                0x0000000008001fc0                main
 .text.SystemClock_Config
                0x0000000008002a2c       0xd8 ./Core/Src/main.o
                0x0000000008002a2c                SystemClock_Config
 .text.Error_Handler
                0x0000000008002b04        0xa ./Core/Src/main.o
                0x0000000008002b04                Error_Handler
 *fill*         0x0000000008002b0e        0x2 
 .text.analogRead
                0x0000000008002b10       0x60 ./Core/Src/sensor_readings.o
                0x0000000008002b10                analogRead
 .text.Servo_void_SetAngle
                0x0000000008002b70       0xdc ./Core/Src/servo.o
                0x0000000008002b70                Servo_void_SetAngle
 .text.HAL_MspInit
                0x0000000008002c4c       0x50 ./Core/Src/stm32f4xx_hal_msp.o
                0x0000000008002c4c                HAL_MspInit
 .text.NMI_Handler
                0x0000000008002c9c        0x6 ./Core/Src/stm32f4xx_it.o
                0x0000000008002c9c                NMI_Handler
 .text.HardFault_Handler
                0x0000000008002ca2        0x6 ./Core/Src/stm32f4xx_it.o
                0x0000000008002ca2                HardFault_Handler
 .text.MemManage_Handler
                0x0000000008002ca8        0x6 ./Core/Src/stm32f4xx_it.o
                0x0000000008002ca8                MemManage_Handler
 .text.BusFault_Handler
                0x0000000008002cae        0x6 ./Core/Src/stm32f4xx_it.o
                0x0000000008002cae                BusFault_Handler
 .text.UsageFault_Handler
                0x0000000008002cb4        0x6 ./Core/Src/stm32f4xx_it.o
                0x0000000008002cb4                UsageFault_Handler
 .text.SVC_Handler
                0x0000000008002cba        0xe ./Core/Src/stm32f4xx_it.o
                0x0000000008002cba                SVC_Handler
 .text.DebugMon_Handler
                0x0000000008002cc8        0xe ./Core/Src/stm32f4xx_it.o
                0x0000000008002cc8                DebugMon_Handler
 .text.PendSV_Handler
                0x0000000008002cd6        0xe ./Core/Src/stm32f4xx_it.o
                0x0000000008002cd6                PendSV_Handler
 .text.SysTick_Handler
                0x0000000008002ce4        0xc ./Core/Src/stm32f4xx_it.o
                0x0000000008002ce4                SysTick_Handler
 .text.ADC_IRQHandler
                0x0000000008002cf0       0x28 ./Core/Src/stm32f4xx_it.o
                0x0000000008002cf0                ADC_IRQHandler
 .text.TIM1_UP_TIM10_IRQHandler
                0x0000000008002d18       0x14 ./Core/Src/stm32f4xx_it.o
                0x0000000008002d18                TIM1_UP_TIM10_IRQHandler
 .text.TIM1_TRG_COM_TIM11_IRQHandler
                0x0000000008002d2c       0x14 ./Core/Src/stm32f4xx_it.o
                0x0000000008002d2c                TIM1_TRG_COM_TIM11_IRQHandler
 .text.TIM2_IRQHandler
                0x0000000008002d40       0x14 ./Core/Src/stm32f4xx_it.o
                0x0000000008002d40                TIM2_IRQHandler
 .text.TIM8_BRK_TIM12_IRQHandler
                0x0000000008002d54       0x14 ./Core/Src/stm32f4xx_it.o
                0x0000000008002d54                TIM8_BRK_TIM12_IRQHandler
 .text.TIM8_UP_TIM13_IRQHandler
                0x0000000008002d68       0x14 ./Core/Src/stm32f4xx_it.o
                0x0000000008002d68                TIM8_UP_TIM13_IRQHandler
 .text.TIM8_TRG_COM_TIM14_IRQHandler
                0x0000000008002d7c       0x14 ./Core/Src/stm32f4xx_it.o
                0x0000000008002d7c                TIM8_TRG_COM_TIM14_IRQHandler
 .text.SystemInit
                0x0000000008002d90       0x24 ./Core/Src/system_stm32f4xx.o
                0x0000000008002d90                SystemInit
 .text.MX_TIM2_Init
                0x0000000008002db4      0x130 ./Core/Src/tim.o
                0x0000000008002db4                MX_TIM2_Init
 .text.MX_TIM10_Init
                0x0000000008002ee4       0x48 ./Core/Src/tim.o
                0x0000000008002ee4                MX_TIM10_Init
 .text.MX_TIM11_Init
                0x0000000008002f2c       0x48 ./Core/Src/tim.o
                0x0000000008002f2c                MX_TIM11_Init
 .text.MX_TIM12_Init
                0x0000000008002f74       0xc8 ./Core/Src/tim.o
                0x0000000008002f74                MX_TIM12_Init
 .text.MX_TIM13_Init
                0x000000000800303c       0x48 ./Core/Src/tim.o
                0x000000000800303c                MX_TIM13_Init
 .text.MX_TIM14_Init
                0x0000000008003084       0x48 ./Core/Src/tim.o
                0x0000000008003084                MX_TIM14_Init
 .text.HAL_TIM_Base_MspInit
                0x00000000080030cc      0x178 ./Core/Src/tim.o
                0x00000000080030cc                HAL_TIM_Base_MspInit
 .text.HAL_TIM_MspPostInit
                0x0000000008003244      0x100 ./Core/Src/tim.o
                0x0000000008003244                HAL_TIM_MspPostInit
 .text.MX_USART2_UART_Init
                0x0000000008003344       0x54 ./Core/Src/usart.o
                0x0000000008003344                MX_USART2_UART_Init
 .text.HAL_UART_MspInit
                0x0000000008003398       0x90 ./Core/Src/usart.o
                0x0000000008003398                HAL_UART_MspInit
 .text.Reset_Handler
                0x0000000008003428       0x50 ./Core/Startup/startup_stm32f446retx.o
                0x0000000008003428                Reset_Handler
 .text.Default_Handler
                0x0000000008003478        0x2 ./Core/Startup/startup_stm32f446retx.o
                0x0000000008003478                RTC_Alarm_IRQHandler
                0x0000000008003478                EXTI2_IRQHandler
                0x0000000008003478                TIM8_CC_IRQHandler
                0x0000000008003478                FMPI2C1_EV_IRQHandler
                0x0000000008003478                SPI4_IRQHandler
                0x0000000008003478                TIM1_CC_IRQHandler
                0x0000000008003478                DMA2_Stream5_IRQHandler
                0x0000000008003478                DMA1_Stream5_IRQHandler
                0x0000000008003478                PVD_IRQHandler
                0x0000000008003478                SDIO_IRQHandler
                0x0000000008003478                TAMP_STAMP_IRQHandler
                0x0000000008003478                CAN2_RX1_IRQHandler
                0x0000000008003478                EXTI3_IRQHandler
                0x0000000008003478                I2C3_ER_IRQHandler
                0x0000000008003478                EXTI0_IRQHandler
                0x0000000008003478                I2C2_EV_IRQHandler
                0x0000000008003478                DMA1_Stream2_IRQHandler
                0x0000000008003478                CAN1_RX0_IRQHandler
                0x0000000008003478                FPU_IRQHandler
                0x0000000008003478                OTG_HS_WKUP_IRQHandler
                0x0000000008003478                CAN2_SCE_IRQHandler
                0x0000000008003478                DMA2_Stream2_IRQHandler
                0x0000000008003478                SPI1_IRQHandler
                0x0000000008003478                TIM6_DAC_IRQHandler
                0x0000000008003478                TIM1_BRK_TIM9_IRQHandler
                0x0000000008003478                DCMI_IRQHandler
                0x0000000008003478                CAN2_RX0_IRQHandler
                0x0000000008003478                DMA2_Stream3_IRQHandler
                0x0000000008003478                SAI2_IRQHandler
                0x0000000008003478                USART6_IRQHandler
                0x0000000008003478                USART3_IRQHandler
                0x0000000008003478                CAN1_RX1_IRQHandler
                0x0000000008003478                UART5_IRQHandler
                0x0000000008003478                DMA2_Stream0_IRQHandler
                0x0000000008003478                TIM4_IRQHandler
                0x0000000008003478                QUADSPI_IRQHandler
                0x0000000008003478                I2C1_EV_IRQHandler
                0x0000000008003478                DMA1_Stream6_IRQHandler
                0x0000000008003478                DMA1_Stream1_IRQHandler
                0x0000000008003478                UART4_IRQHandler
                0x0000000008003478                TIM3_IRQHandler
                0x0000000008003478                RCC_IRQHandler
                0x0000000008003478                Default_Handler
                0x0000000008003478                CEC_IRQHandler
                0x0000000008003478                EXTI15_10_IRQHandler
                0x0000000008003478                DMA1_Stream7_IRQHandler
                0x0000000008003478                TIM7_IRQHandler
                0x0000000008003478                CAN2_TX_IRQHandler
                0x0000000008003478                TIM5_IRQHandler
                0x0000000008003478                DMA2_Stream7_IRQHandler
                0x0000000008003478                I2C3_EV_IRQHandler
                0x0000000008003478                EXTI9_5_IRQHandler
                0x0000000008003478                RTC_WKUP_IRQHandler
                0x0000000008003478                SPDIF_RX_IRQHandler
                0x0000000008003478                SPI2_IRQHandler
                0x0000000008003478                OTG_HS_EP1_IN_IRQHandler
                0x0000000008003478                DMA1_Stream0_IRQHandler
                0x0000000008003478                CAN1_TX_IRQHandler
                0x0000000008003478                FMPI2C1_ER_IRQHandler
                0x0000000008003478                EXTI4_IRQHandler
                0x0000000008003478                OTG_HS_EP1_OUT_IRQHandler
                0x0000000008003478                WWDG_IRQHandler
                0x0000000008003478                OTG_FS_WKUP_IRQHandler
                0x0000000008003478                OTG_HS_IRQHandler
                0x0000000008003478                EXTI1_IRQHandler
                0x0000000008003478                USART2_IRQHandler
                0x0000000008003478                I2C2_ER_IRQHandler
                0x0000000008003478                DMA2_Stream1_IRQHandler
                0x0000000008003478                CAN1_SCE_IRQHandler
                0x0000000008003478                FLASH_IRQHandler
                0x0000000008003478                DMA2_Stream4_IRQHandler
                0x0000000008003478                USART1_IRQHandler
                0x0000000008003478                OTG_FS_IRQHandler
                0x0000000008003478                SPI3_IRQHandler
                0x0000000008003478                DMA1_Stream4_IRQHandler
                0x0000000008003478                I2C1_ER_IRQHandler
                0x0000000008003478                FMC_IRQHandler
                0x0000000008003478                DMA2_Stream6_IRQHandler
                0x0000000008003478                SAI1_IRQHandler
                0x0000000008003478                DMA1_Stream3_IRQHandler
 *fill*         0x000000000800347a        0x2 
 .text.HAL_Init
                0x000000000800347c       0x44 ./Drivers/STM32F4xx_HAL_Driver/stm32f4xx_hal.o
                0x000000000800347c                HAL_Init
 .text.HAL_InitTick
                0x00000000080034c0       0x60 ./Drivers/STM32F4xx_HAL_Driver/stm32f4xx_hal.o
                0x00000000080034c0                HAL_InitTick
 .text.HAL_IncTick
                0x0000000008003520       0x28 ./Drivers/STM32F4xx_HAL_Driver/stm32f4xx_hal.o
                0x0000000008003520                HAL_IncTick
 .text.HAL_GetTick
                0x0000000008003548       0x18 ./Drivers/STM32F4xx_HAL_Driver/stm32f4xx_hal.o
                0x0000000008003548                HAL_GetTick
 .text.HAL_Delay
                0x0000000008003560       0x48 ./Drivers/STM32F4xx_HAL_Driver/stm32f4xx_hal.o
                0x0000000008003560                HAL_Delay
 .text.HAL_ADC_Init
                0x00000000080035a8       0x86 ./Drivers/STM32F4xx_HAL_Driver/stm32f4xx_hal_adc.o
                0x00000000080035a8                HAL_ADC_Init
 *fill*         0x000000000800362e        0x2 
 .text.HAL_ADC_Start
                0x0000000008003630      0x1a4 ./Drivers/STM32F4xx_HAL_Driver/stm32f4xx_hal_adc.o
                0x0000000008003630                HAL_ADC_Start
 .text.HAL_ADC_PollForConversion
                0x00000000080037d4      0x116 ./Drivers/STM32F4xx_HAL_Driver/stm32f4xx_hal_adc.o
                0x00000000080037d4                HAL_ADC_PollForConversion
 .text.HAL_ADC_IRQHandler
                0x00000000080038ea      0x220 ./Drivers/STM32F4xx_HAL_Driver/stm32f4xx_hal_adc.o
                0x00000000080038ea                HAL_ADC_IRQHandler
 .text.HAL_ADC_GetValue
                0x0000000008003b0a       0x1a ./Drivers/STM32F4xx_HAL_Driver/stm32f4xx_hal_adc.o
                0x0000000008003b0a                HAL_ADC_GetValue
 .text.HAL_ADC_ConvCpltCallback
                0x0000000008003b24       0x14 ./Drivers/STM32F4xx_HAL_Driver/stm32f4xx_hal_adc.o
                0x0000000008003b24                HAL_ADC_ConvCpltCallback
 .text.HAL_ADC_LevelOutOfWindowCallback
                0x0000000008003b38       0x14 ./Drivers/STM32F4xx_HAL_Driver/stm32f4xx_hal_adc.o
                0x0000000008003b38                HAL_ADC_LevelOutOfWindowCallback
 .text.HAL_ADC_ErrorCallback
                0x0000000008003b4c       0x14 ./Drivers/STM32F4xx_HAL_Driver/stm32f4xx_hal_adc.o
                0x0000000008003b4c                HAL_ADC_ErrorCallback
 .text.HAL_ADC_ConfigChannel
                0x0000000008003b60      0x264 ./Drivers/STM32F4xx_HAL_Driver/stm32f4xx_hal_adc.o
                0x0000000008003b60                HAL_ADC_ConfigChannel
 .text.HAL_ADC_GetState
                0x0000000008003dc4       0x18 ./Drivers/STM32F4xx_HAL_Driver/stm32f4xx_hal_adc.o
                0x0000000008003dc4                HAL_ADC_GetState
 .text.ADC_Init
                0x0000000008003ddc      0x1f8 ./Drivers/STM32F4xx_HAL_Driver/stm32f4xx_hal_adc.o
 .text.HAL_ADCEx_InjectedConvCpltCallback
                0x0000000008003fd4       0x14 ./Drivers/STM32F4xx_HAL_Driver/stm32f4xx_hal_adc_ex.o
                0x0000000008003fd4                HAL_ADCEx_InjectedConvCpltCallback
 .text.__NVIC_SetPriorityGrouping
                0x0000000008003fe8       0x48 ./Drivers/STM32F4xx_HAL_Driver/stm32f4xx_hal_cortex.o
 .text.__NVIC_GetPriorityGrouping
                0x0000000008004030       0x1c ./Drivers/STM32F4xx_HAL_Driver/stm32f4xx_hal_cortex.o
 .text.__NVIC_EnableIRQ
                0x000000000800404c       0x3c ./Drivers/STM32F4xx_HAL_Driver/stm32f4xx_hal_cortex.o
 .text.__NVIC_SetPriority
                0x0000000008004088       0x54 ./Drivers/STM32F4xx_HAL_Driver/stm32f4xx_hal_cortex.o
 .text.NVIC_EncodePriority
                0x00000000080040dc       0x66 ./Drivers/STM32F4xx_HAL_Driver/stm32f4xx_hal_cortex.o
 *fill*         0x0000000008004142        0x2 
 .text.SysTick_Config
                0x0000000008004144       0x44 ./Drivers/STM32F4xx_HAL_Driver/stm32f4xx_hal_cortex.o
 .text.HAL_NVIC_SetPriorityGrouping
                0x0000000008004188       0x16 ./Drivers/STM32F4xx_HAL_Driver/stm32f4xx_hal_cortex.o
                0x0000000008004188                HAL_NVIC_SetPriorityGrouping
 .text.HAL_NVIC_SetPriority
                0x000000000800419e       0x38 ./Drivers/STM32F4xx_HAL_Driver/stm32f4xx_hal_cortex.o
                0x000000000800419e                HAL_NVIC_SetPriority
 .text.HAL_NVIC_EnableIRQ
                0x00000000080041d6       0x1c ./Drivers/STM32F4xx_HAL_Driver/stm32f4xx_hal_cortex.o
                0x00000000080041d6                HAL_NVIC_EnableIRQ
 .text.HAL_SYSTICK_Config
                0x00000000080041f2       0x18 ./Drivers/STM32F4xx_HAL_Driver/stm32f4xx_hal_cortex.o
                0x00000000080041f2                HAL_SYSTICK_Config
 .text.HAL_CRC_Init
                0x000000000800420a       0x38 ./Drivers/STM32F4xx_HAL_Driver/stm32f4xx_hal_crc.o
                0x000000000800420a                HAL_CRC_Init
 *fill*         0x0000000008004242        0x2 
 .text.HAL_GPIO_Init
                0x0000000008004244      0x328 ./Drivers/STM32F4xx_HAL_Driver/stm32f4xx_hal_gpio.o
                0x0000000008004244                HAL_GPIO_Init
 .text.HAL_GPIO_WritePin
                0x000000000800456c       0x32 ./Drivers/STM32F4xx_HAL_Driver/stm32f4xx_hal_gpio.o
                0x000000000800456c                HAL_GPIO_WritePin
 .text.HAL_GPIO_TogglePin
                0x000000000800459e       0x34 ./Drivers/STM32F4xx_HAL_Driver/stm32f4xx_hal_gpio.o
                0x000000000800459e                HAL_GPIO_TogglePin
 *fill*         0x00000000080045d2        0x2 
 .text.HAL_RCC_ClockConfig
                0x00000000080045d4      0x1cc ./Drivers/STM32F4xx_HAL_Driver/stm32f4xx_hal_rcc.o
                0x00000000080045d4                HAL_RCC_ClockConfig
 .text.HAL_RCC_GetHCLKFreq
                0x00000000080047a0       0x18 ./Drivers/STM32F4xx_HAL_Driver/stm32f4xx_hal_rcc.o
                0x00000000080047a0                HAL_RCC_GetHCLKFreq
 .text.HAL_RCC_GetPCLK1Freq
                0x00000000080047b8       0x28 ./Drivers/STM32F4xx_HAL_Driver/stm32f4xx_hal_rcc.o
                0x00000000080047b8                HAL_RCC_GetPCLK1Freq
 .text.HAL_RCC_GetPCLK2Freq
                0x00000000080047e0       0x28 ./Drivers/STM32F4xx_HAL_Driver/stm32f4xx_hal_rcc.o
                0x00000000080047e0                HAL_RCC_GetPCLK2Freq
 .text.HAL_RCC_GetSysClockFreq
                0x0000000008004808      0x460 ./Drivers/STM32F4xx_HAL_Driver/stm32f4xx_hal_rcc_ex.o
                0x0000000008004808                HAL_RCC_GetSysClockFreq
 .text.HAL_RCC_OscConfig
                0x0000000008004c68      0x53c ./Drivers/STM32F4xx_HAL_Driver/stm32f4xx_hal_rcc_ex.o
                0x0000000008004c68                HAL_RCC_OscConfig
 .text.HAL_TIM_Base_Init
                0x00000000080051a4       0x9e ./Drivers/STM32F4xx_HAL_Driver/stm32f4xx_hal_tim.o
                0x00000000080051a4                HAL_TIM_Base_Init
 *fill*         0x0000000008005242        0x2 
 .text.HAL_TIM_Base_Start_IT
                0x0000000008005244       0xe0 ./Drivers/STM32F4xx_HAL_Driver/stm32f4xx_hal_tim.o
                0x0000000008005244                HAL_TIM_Base_Start_IT
 .text.HAL_TIM_PWM_Init
                0x0000000008005324       0x9e ./Drivers/STM32F4xx_HAL_Driver/stm32f4xx_hal_tim.o
                0x0000000008005324                HAL_TIM_PWM_Init
 .text.HAL_TIM_PWM_MspInit
                0x00000000080053c2       0x14 ./Drivers/STM32F4xx_HAL_Driver/stm32f4xx_hal_tim.o
                0x00000000080053c2                HAL_TIM_PWM_MspInit
 *fill*         0x00000000080053d6        0x2 
 .text.HAL_TIM_PWM_Start
                0x00000000080053d8      0x190 ./Drivers/STM32F4xx_HAL_Driver/stm32f4xx_hal_tim.o
                0x00000000080053d8                HAL_TIM_PWM_Start
 .text.HAL_TIM_IRQHandler
                0x0000000008005568      0x210 ./Drivers/STM32F4xx_HAL_Driver/stm32f4xx_hal_tim.o
                0x0000000008005568                HAL_TIM_IRQHandler
 .text.HAL_TIM_PWM_ConfigChannel
                0x0000000008005778      0x184 ./Drivers/STM32F4xx_HAL_Driver/stm32f4xx_hal_tim.o
                0x0000000008005778                HAL_TIM_PWM_ConfigChannel
 .text.HAL_TIM_ConfigClockSource
                0x00000000080058fc      0x18e ./Drivers/STM32F4xx_HAL_Driver/stm32f4xx_hal_tim.o
                0x00000000080058fc                HAL_TIM_ConfigClockSource
 .text.HAL_TIM_OC_DelayElapsedCallback
                0x0000000008005a8a       0x14 ./Drivers/STM32F4xx_HAL_Driver/stm32f4xx_hal_tim.o
                0x0000000008005a8a                HAL_TIM_OC_DelayElapsedCallback
 .text.HAL_TIM_IC_CaptureCallback
                0x0000000008005a9e       0x14 ./Drivers/STM32F4xx_HAL_Driver/stm32f4xx_hal_tim.o
                0x0000000008005a9e                HAL_TIM_IC_CaptureCallback
 .text.HAL_TIM_PWM_PulseFinishedCallback
                0x0000000008005ab2       0x14 ./Drivers/STM32F4xx_HAL_Driver/stm32f4xx_hal_tim.o
                0x0000000008005ab2                HAL_TIM_PWM_PulseFinishedCallback
 .text.HAL_TIM_TriggerCallback
                0x0000000008005ac6       0x14 ./Drivers/STM32F4xx_HAL_Driver/stm32f4xx_hal_tim.o
                0x0000000008005ac6                HAL_TIM_TriggerCallback
 *fill*         0x0000000008005ada        0x2 
 .text.TIM_Base_SetConfig
                0x0000000008005adc      0x140 ./Drivers/STM32F4xx_HAL_Driver/stm32f4xx_hal_tim.o
                0x0000000008005adc                TIM_Base_SetConfig
 .text.TIM_OC1_SetConfig
                0x0000000008005c1c       0xe0 ./Drivers/STM32F4xx_HAL_Driver/stm32f4xx_hal_tim.o
 .text.TIM_OC2_SetConfig
                0x0000000008005cfc       0xec ./Drivers/STM32F4xx_HAL_Driver/stm32f4xx_hal_tim.o
                0x0000000008005cfc                TIM_OC2_SetConfig
 .text.TIM_OC3_SetConfig
                0x0000000008005de8       0xe8 ./Drivers/STM32F4xx_HAL_Driver/stm32f4xx_hal_tim.o
 .text.TIM_OC4_SetConfig
                0x0000000008005ed0       0xac ./Drivers/STM32F4xx_HAL_Driver/stm32f4xx_hal_tim.o
 .text.TIM_TI1_ConfigInputStage
                0x0000000008005f7c       0x5e ./Drivers/STM32F4xx_HAL_Driver/stm32f4xx_hal_tim.o
 .text.TIM_TI2_ConfigInputStage
                0x0000000008005fda       0x60 ./Drivers/STM32F4xx_HAL_Driver/stm32f4xx_hal_tim.o
 .text.TIM_ITRx_SetConfig
                0x000000000800603a       0x36 ./Drivers/STM32F4xx_HAL_Driver/stm32f4xx_hal_tim.o
 .text.TIM_ETR_SetConfig
                0x0000000008006070       0x40 ./Drivers/STM32F4xx_HAL_Driver/stm32f4xx_hal_tim.o
                0x0000000008006070                TIM_ETR_SetConfig
 .text.TIM_CCxChannelCmd
                0x00000000080060b0       0x4a ./Drivers/STM32F4xx_HAL_Driver/stm32f4xx_hal_tim.o
                0x00000000080060b0                TIM_CCxChannelCmd
 *fill*         0x00000000080060fa        0x2 
 .text.HAL_TIMEx_MasterConfigSynchronization
                0x00000000080060fc       0xf8 ./Drivers/STM32F4xx_HAL_Driver/stm32f4xx_hal_tim_ex.o
                0x00000000080060fc                HAL_TIMEx_MasterConfigSynchronization
 .text.HAL_TIMEx_CommutCallback
                0x00000000080061f4       0x14 ./Drivers/STM32F4xx_HAL_Driver/stm32f4xx_hal_tim_ex.o
                0x00000000080061f4                HAL_TIMEx_CommutCallback
 .text.HAL_TIMEx_BreakCallback
                0x0000000008006208       0x14 ./Drivers/STM32F4xx_HAL_Driver/stm32f4xx_hal_tim_ex.o
                0x0000000008006208                HAL_TIMEx_BreakCallback
 .text.HAL_UART_Init
                0x000000000800621c       0x9a ./Drivers/STM32F4xx_HAL_Driver/stm32f4xx_hal_uart.o
                0x000000000800621c                HAL_UART_Init
 *fill*         0x00000000080062b6        0x2 
 .text.UART_SetConfig
                0x00000000080062b8      0x4e8 ./Drivers/STM32F4xx_HAL_Driver/stm32f4xx_hal_uart.o
 .text.network_configure_activations
                0x00000000080067a0       0xa4 ./X-CUBE-AI/App/network.o
 .text.network_configure_weights
                0x0000000008006844       0xc4 ./X-CUBE-AI/App/network.o
 .text.ai_network_get_error
                0x0000000008006908       0x18 ./X-CUBE-AI/App/network.o
                0x0000000008006908                ai_network_get_error
 .text.ai_network_create
                0x0000000008006920       0x2c ./X-CUBE-AI/App/network.o
                0x0000000008006920                ai_network_create
 .text.ai_network_create_and_init
                0x000000000800694c       0xe8 ./X-CUBE-AI/App/network.o
                0x000000000800694c                ai_network_create_and_init
 .text.ai_network_inputs_get
                0x0000000008006a34       0x34 ./X-CUBE-AI/App/network.o
                0x0000000008006a34                ai_network_inputs_get
 .text.ai_network_outputs_get
                0x0000000008006a68       0x34 ./X-CUBE-AI/App/network.o
                0x0000000008006a68                ai_network_outputs_get
 .text.ai_network_init
                0x0000000008006a9c       0x78 ./X-CUBE-AI/App/network.o
                0x0000000008006a9c                ai_network_init
 .text.ai_network_run
                0x0000000008006b14       0x20 ./X-CUBE-AI/App/network.o
                0x0000000008006b14                ai_network_run
 .text.ai_network_data_params_get
                0x0000000008006b34       0x50 ./X-CUBE-AI/App/network_data.o
                0x0000000008006b34                ai_network_data_params_get
 .text.ai_buffer_get_size
                0x0000000008006b84       0x68 ../Middlewares/ST/AI/Lib\NetworkRuntime801_CM4_GCC.a(ai_platform.o)
                0x0000000008006b84                ai_buffer_get_size
 .text.ai_buffer_array_sane
                0x0000000008006bec       0x14 ../Middlewares/ST/AI/Lib\NetworkRuntime801_CM4_GCC.a(ai_platform.o)
                0x0000000008006bec                ai_buffer_array_sane
 .text.ai_buffer_array_item_set_address
                0x0000000008006c00       0x20 ../Middlewares/ST/AI/Lib\NetworkRuntime801_CM4_GCC.a(ai_platform.o)
                0x0000000008006c00                ai_buffer_array_item_set_address
 .text._ai_platform_acquire_crc
                0x0000000008006c20        0x4 ../Middlewares/ST/AI/Lib\NetworkRuntime801_CM4_GCC.a(ai_platform_interface.o)
                0x0000000008006c20                _ai_platform_acquire_crc
 .text._ai_platform_release_crc
                0x0000000008006c24        0x4 ../Middlewares/ST/AI/Lib\NetworkRuntime801_CM4_GCC.a(ai_platform_interface.o)
                0x0000000008006c24                _ai_platform_release_crc
 .text.ai_platform_get_weights_map
                0x0000000008006c28       0xa8 ../Middlewares/ST/AI/Lib\NetworkRuntime801_CM4_GCC.a(ai_platform_interface.o)
                0x0000000008006c28                ai_platform_get_weights_map
 .text.ai_platform_get_activations_map
                0x0000000008006cd0       0xa8 ../Middlewares/ST/AI/Lib\NetworkRuntime801_CM4_GCC.a(ai_platform_interface.o)
                0x0000000008006cd0                ai_platform_get_activations_map
 .text.ai_platform_bind_network_params
                0x0000000008006d78       0x44 ../Middlewares/ST/AI/Lib\NetworkRuntime801_CM4_GCC.a(ai_platform_interface.o)
                0x0000000008006d78                ai_platform_bind_network_params
 .text.ai_platform_network_get_error
                0x0000000008006dbc       0xdc ../Middlewares/ST/AI/Lib\NetworkRuntime801_CM4_GCC.a(ai_platform_interface.o)
                0x0000000008006dbc                ai_platform_network_get_error
 .text.ai_platform_network_set_error
                0x0000000008006e98        0xc ../Middlewares/ST/AI/Lib\NetworkRuntime801_CM4_GCC.a(ai_platform_interface.o)
                0x0000000008006e98                ai_platform_network_set_error
 .text.ai_platform_inputs_get
                0x0000000008006ea4      0x1ac ../Middlewares/ST/AI/Lib\NetworkRuntime801_CM4_GCC.a(ai_platform_interface.o)
                0x0000000008006ea4                ai_platform_inputs_get
 .text.ai_platform_outputs_get
                0x0000000008007050      0x1a0 ../Middlewares/ST/AI/Lib\NetworkRuntime801_CM4_GCC.a(ai_platform_interface.o)
                0x0000000008007050                ai_platform_outputs_get
 .text.ai_platform_network_create
                0x00000000080071f0      0x1ac ../Middlewares/ST/AI/Lib\NetworkRuntime801_CM4_GCC.a(ai_platform_interface.o)
                0x00000000080071f0                ai_platform_network_create
 .text.ai_platform_network_init
                0x000000000800739c      0x1dc ../Middlewares/ST/AI/Lib\NetworkRuntime801_CM4_GCC.a(ai_platform_interface.o)
                0x000000000800739c                ai_platform_network_init
 .text.ai_platform_network_post_init
                0x0000000008007578      0x110 ../Middlewares/ST/AI/Lib\NetworkRuntime801_CM4_GCC.a(ai_platform_interface.o)
                0x0000000008007578                ai_platform_network_post_init
 .text.ai_platform_network_process
                0x0000000008007688      0x50c ../Middlewares/ST/AI/Lib\NetworkRuntime801_CM4_GCC.a(ai_platform_interface.o)
                0x0000000008007688                ai_platform_network_process
 .text.core_init
                0x0000000008007b94        0x4 ../Middlewares/ST/AI/Lib\NetworkRuntime801_CM4_GCC.a(core_common.o)
                0x0000000008007b94                core_init
 .text.core_get_error
                0x0000000008007b98        0xc ../Middlewares/ST/AI/Lib\NetworkRuntime801_CM4_GCC.a(core_common.o)
                0x0000000008007b98                core_get_error
 .text.core_set_error
                0x0000000008007ba4       0x18 ../Middlewares/ST/AI/Lib\NetworkRuntime801_CM4_GCC.a(core_common.o)
                0x0000000008007ba4                core_set_error
 .text.forward_dense
                0x0000000008007bbc      0x54c ../Middlewares/ST/AI/Lib\NetworkRuntime801_CM4_GCC.a(layers_conv2d_generic_float.o)
                0x0000000008007bbc                forward_dense
 .text.forward_relu
                0x0000000008008108      0x268 ../Middlewares/ST/AI/Lib\NetworkRuntime801_CM4_GCC.a(layers_nl_generic_float.o)
                0x0000000008008108                forward_relu
 .text.forward_sm
                0x0000000008008370      0x11c ../Middlewares/ST/AI/Lib\NetworkRuntime801_CM4_GCC.a(layers_nl_generic_float.o)
                0x0000000008008370                forward_sm
 .text.ai_check_custom_types
                0x000000000800848c       0x54 ../Middlewares/ST/AI/Lib\NetworkRuntime801_CM4_GCC.a(layers.o)
                0x000000000800848c                ai_check_custom_types
 .text.ai_layers_init_all
                0x00000000080084e0       0x1c ../Middlewares/ST/AI/Lib\NetworkRuntime801_CM4_GCC.a(layers.o)
                0x00000000080084e0                ai_layers_init_all
 .text.ai_layers_post_init_all
                0x00000000080084fc       0x28 ../Middlewares/ST/AI/Lib\NetworkRuntime801_CM4_GCC.a(layers.o)
                0x00000000080084fc                ai_layers_post_init_all
 .text.ai_layers_forward_all
                0x0000000008008524       0x94 ../Middlewares/ST/AI/Lib\NetworkRuntime801_CM4_GCC.a(layers.o)
                0x0000000008008524                ai_layers_forward_all
 .text.lite_dense_if32of32wf32
                0x00000000080085b8      0x248 ../Middlewares/ST/AI/Lib\NetworkRuntime801_CM4_GCC.a(lite_dense_if32.o)
                0x00000000080085b8                lite_dense_if32of32wf32
 .text.ai_version_get
                0x0000000008008800        0xc ../Middlewares/ST/AI/Lib\NetworkRuntime801_CM4_GCC.a(ai_datatypes_internal.o)
                0x0000000008008800                ai_version_get
 .text.get_tensor_byte_size
                0x000000000800880c       0x30 ../Middlewares/ST/AI/Lib\NetworkRuntime801_CM4_GCC.a(ai_datatypes_internal.o)
                0x000000000800880c                get_tensor_byte_size
 .text.ai_array_to_buffer_fmt
                0x000000000800883c       0xd8 ../Middlewares/ST/AI/Lib\NetworkRuntime801_CM4_GCC.a(ai_datatypes_format.o)
                0x000000000800883c                ai_array_to_buffer_fmt
 .text.ai_array_get_byte_size
                0x0000000008008914       0x50 ../Middlewares/ST/AI/Lib\NetworkRuntime801_CM4_GCC.a(ai_datatypes_format.o)
                0x0000000008008914                ai_array_get_byte_size
 .text.ai_array_get_data_byte_size
                0x0000000008008964       0x24 ../Middlewares/ST/AI/Lib\NetworkRuntime801_CM4_GCC.a(ai_datatypes_format.o)
                0x0000000008008964                ai_array_get_data_byte_size
 .text.__errno  0x0000000008008988        0xc c:/st/stm32cubeide_1.11.2/stm32cubeide/plugins/com.st.stm32cube.ide.mcu.externaltools.gnu-tools-for-stm32.10.3-2021.10.win32_1.0.200.202301161003/tools/bin/../lib/gcc/arm-none-eabi/10.3.1/../../../../arm-none-eabi/lib/thumb/v7e-m+fp/hard\libc_nano.a(lib_a-errno.o)
                0x0000000008008988                __errno
 .text.__libc_init_array
                0x0000000008008994       0x48 c:/st/stm32cubeide_1.11.2/stm32cubeide/plugins/com.st.stm32cube.ide.mcu.externaltools.gnu-tools-for-stm32.10.3-2021.10.win32_1.0.200.202301161003/tools/bin/../lib/gcc/arm-none-eabi/10.3.1/../../../../arm-none-eabi/lib/thumb/v7e-m+fp/hard\libc_nano.a(lib_a-init.o)
                0x0000000008008994                __libc_init_array
 .text.memcpy   0x00000000080089dc       0x1c c:/st/stm32cubeide_1.11.2/stm32cubeide/plugins/com.st.stm32cube.ide.mcu.externaltools.gnu-tools-for-stm32.10.3-2021.10.win32_1.0.200.202301161003/tools/bin/../lib/gcc/arm-none-eabi/10.3.1/../../../../arm-none-eabi/lib/thumb/v7e-m+fp/hard\libc_nano.a(lib_a-memcpy-stub.o)
                0x00000000080089dc                memcpy
 .text.memset   0x00000000080089f8       0x10 c:/st/stm32cubeide_1.11.2/stm32cubeide/plugins/com.st.stm32cube.ide.mcu.externaltools.gnu-tools-for-stm32.10.3-2021.10.win32_1.0.200.202301161003/tools/bin/../lib/gcc/arm-none-eabi/10.3.1/../../../../arm-none-eabi/lib/thumb/v7e-m+fp/hard\libc_nano.a(lib_a-memset.o)
                0x00000000080089f8                memset
 .text.pow      0x0000000008008a08       0xe0 c:/st/stm32cubeide_1.11.2/stm32cubeide/plugins/com.st.stm32cube.ide.mcu.externaltools.gnu-tools-for-stm32.10.3-2021.10.win32_1.0.200.202301161003/tools/bin/../lib/gcc/arm-none-eabi/10.3.1/../../../../arm-none-eabi/lib/thumb/v7e-m+fp/hard\libm.a(lib_a-w_pow.o)
                0x0000000008008a08                pow
 .text.expf     0x0000000008008ae8       0x6c c:/st/stm32cubeide_1.11.2/stm32cubeide/plugins/com.st.stm32cube.ide.mcu.externaltools.gnu-tools-for-stm32.10.3-2021.10.win32_1.0.200.202301161003/tools/bin/../lib/gcc/arm-none-eabi/10.3.1/../../../../arm-none-eabi/lib/thumb/v7e-m+fp/hard\libm.a(lib_a-wf_exp.o)
                0x0000000008008ae8                expf
 .text.sqrtf    0x0000000008008b54       0x3c c:/st/stm32cubeide_1.11.2/stm32cubeide/plugins/com.st.stm32cube.ide.mcu.externaltools.gnu-tools-for-stm32.10.3-2021.10.win32_1.0.200.202301161003/tools/bin/../lib/gcc/arm-none-eabi/10.3.1/../../../../arm-none-eabi/lib/thumb/v7e-m+fp/hard\libm.a(lib_a-wf_sqrt.o)
                0x0000000008008b54                sqrtf
 .text.__ieee754_pow
                0x0000000008008b90      0xa5c c:/st/stm32cubeide_1.11.2/stm32cubeide/plugins/com.st.stm32cube.ide.mcu.externaltools.gnu-tools-for-stm32.10.3-2021.10.win32_1.0.200.202301161003/tools/bin/../lib/gcc/arm-none-eabi/10.3.1/../../../../arm-none-eabi/lib/thumb/v7e-m+fp/hard\libm.a(lib_a-e_pow.o)
                0x0000000008008b90                __ieee754_pow
 .text.__ieee754_sqrt
                0x00000000080095ec      0x164 c:/st/stm32cubeide_1.11.2/stm32cubeide/plugins/com.st.stm32cube.ide.mcu.externaltools.gnu-tools-for-stm32.10.3-2021.10.win32_1.0.200.202301161003/tools/bin/../lib/gcc/arm-none-eabi/10.3.1/../../../../arm-none-eabi/lib/thumb/v7e-m+fp/hard\libm.a(lib_a-e_sqrt.o)
                0x00000000080095ec                __ieee754_sqrt
 .text.__ieee754_expf
                0x0000000008009750      0x19c c:/st/stm32cubeide_1.11.2/stm32cubeide/plugins/com.st.stm32cube.ide.mcu.externaltools.gnu-tools-for-stm32.10.3-2021.10.win32_1.0.200.202301161003/tools/bin/../lib/gcc/arm-none-eabi/10.3.1/../../../../arm-none-eabi/lib/thumb/v7e-m+fp/hard\libm.a(lib_a-ef_exp.o)
                0x0000000008009750                __ieee754_expf
 .text.__ieee754_sqrtf
                0x00000000080098ec        0x6 c:/st/stm32cubeide_1.11.2/stm32cubeide/plugins/com.st.stm32cube.ide.mcu.externaltools.gnu-tools-for-stm32.10.3-2021.10.win32_1.0.200.202301161003/tools/bin/../lib/gcc/arm-none-eabi/10.3.1/../../../../arm-none-eabi/lib/thumb/v7e-m+fp/hard\libm.a(lib_a-ef_sqrt.o)
                0x00000000080098ec                __ieee754_sqrtf
 .text.with_errno
                0x00000000080098f2       0x14 c:/st/stm32cubeide_1.11.2/stm32cubeide/plugins/com.st.stm32cube.ide.mcu.externaltools.gnu-tools-for-stm32.10.3-2021.10.win32_1.0.200.202301161003/tools/bin/../lib/gcc/arm-none-eabi/10.3.1/../../../../arm-none-eabi/lib/thumb/v7e-m+fp/hard\libm.a(lib_a-math_err.o)
 .text.xflow    0x0000000008009906       0x28 c:/st/stm32cubeide_1.11.2/stm32cubeide/plugins/com.st.stm32cube.ide.mcu.externaltools.gnu-tools-for-stm32.10.3-2021.10.win32_1.0.200.202301161003/tools/bin/../lib/gcc/arm-none-eabi/10.3.1/../../../../arm-none-eabi/lib/thumb/v7e-m+fp/hard\libm.a(lib_a-math_err.o)
 .text.__math_uflow
                0x000000000800992e       0x12 c:/st/stm32cubeide_1.11.2/stm32cubeide/plugins/com.st.stm32cube.ide.mcu.externaltools.gnu-tools-for-stm32.10.3-2021.10.win32_1.0.200.202301161003/tools/bin/../lib/gcc/arm-none-eabi/10.3.1/../../../../arm-none-eabi/lib/thumb/v7e-m+fp/hard\libm.a(lib_a-math_err.o)
                0x000000000800992e                __math_uflow
 .text.__math_oflow
                0x0000000008009940       0x12 c:/st/stm32cubeide_1.11.2/stm32cubeide/plugins/com.st.stm32cube.ide.mcu.externaltools.gnu-tools-for-stm32.10.3-2021.10.win32_1.0.200.202301161003/tools/bin/../lib/gcc/arm-none-eabi/10.3.1/../../../../arm-none-eabi/lib/thumb/v7e-m+fp/hard\libm.a(lib_a-math_err.o)
                0x0000000008009940                __math_oflow
 .text.with_errnof
                0x0000000008009952       0x16 c:/st/stm32cubeide_1.11.2/stm32cubeide/plugins/com.st.stm32cube.ide.mcu.externaltools.gnu-tools-for-stm32.10.3-2021.10.win32_1.0.200.202301161003/tools/bin/../lib/gcc/arm-none-eabi/10.3.1/../../../../arm-none-eabi/lib/thumb/v7e-m+fp/hard\libm.a(lib_a-math_errf.o)
 .text.xflowf   0x0000000008009968       0x16 c:/st/stm32cubeide_1.11.2/stm32cubeide/plugins/com.st.stm32cube.ide.mcu.externaltools.gnu-tools-for-stm32.10.3-2021.10.win32_1.0.200.202301161003/tools/bin/../lib/gcc/arm-none-eabi/10.3.1/../../../../arm-none-eabi/lib/thumb/v7e-m+fp/hard\libm.a(lib_a-math_errf.o)
 *fill*         0x000000000800997e        0x2 
 .text.__math_uflowf
                0x0000000008009980        0xc c:/st/stm32cubeide_1.11.2/stm32cubeide/plugins/com.st.stm32cube.ide.mcu.externaltools.gnu-tools-for-stm32.10.3-2021.10.win32_1.0.200.202301161003/tools/bin/../lib/gcc/arm-none-eabi/10.3.1/../../../../arm-none-eabi/lib/thumb/v7e-m+fp/hard\libm.a(lib_a-math_errf.o)
                0x0000000008009980                __math_uflowf
 .text.__math_oflowf
                0x000000000800998c        0xc c:/st/stm32cubeide_1.11.2/stm32cubeide/plugins/com.st.stm32cube.ide.mcu.externaltools.gnu-tools-for-stm32.10.3-2021.10.win32_1.0.200.202301161003/tools/bin/../lib/gcc/arm-none-eabi/10.3.1/../../../../arm-none-eabi/lib/thumb/v7e-m+fp/hard\libm.a(lib_a-math_errf.o)
                0x000000000800998c                __math_oflowf
 .text.fabs     0x0000000008009998       0x12 c:/st/stm32cubeide_1.11.2/stm32cubeide/plugins/com.st.stm32cube.ide.mcu.externaltools.gnu-tools-for-stm32.10.3-2021.10.win32_1.0.200.202301161003/tools/bin/../lib/gcc/arm-none-eabi/10.3.1/../../../../arm-none-eabi/lib/thumb/v7e-m+fp/hard\libm.a(lib_a-s_fabs.o)
                0x0000000008009998                fabs
 .text.finite   0x00000000080099aa       0x16 c:/st/stm32cubeide_1.11.2/stm32cubeide/plugins/com.st.stm32cube.ide.mcu.externaltools.gnu-tools-for-stm32.10.3-2021.10.win32_1.0.200.202301161003/tools/bin/../lib/gcc/arm-none-eabi/10.3.1/../../../../arm-none-eabi/lib/thumb/v7e-m+fp/hard\libm.a(lib_a-s_finite.o)
                0x00000000080099aa                finite
 .text.scalbn   0x00000000080099c0      0x10c c:/st/stm32cubeide_1.11.2/stm32cubeide/plugins/com.st.stm32cube.ide.mcu.externaltools.gnu-tools-for-stm32.10.3-2021.10.win32_1.0.200.202301161003/tools/bin/../lib/gcc/arm-none-eabi/10.3.1/../../../../arm-none-eabi/lib/thumb/v7e-m+fp/hard\libm.a(lib_a-s_scalbn.o)
                0x00000000080099c0                scalbn
 .text.finitef  0x0000000008009acc       0x1a c:/st/stm32cubeide_1.11.2/stm32cubeide/plugins/com.st.stm32cube.ide.mcu.externaltools.gnu-tools-for-stm32.10.3-2021.10.win32_1.0.200.202301161003/tools/bin/../lib/gcc/arm-none-eabi/10.3.1/../../../../arm-none-eabi/lib/thumb/v7e-m+fp/hard\libm.a(lib_a-sf_finite.o)
                0x0000000008009acc                finitef
 *(.glue_7)
 .glue_7        0x0000000008009ae6        0x0 linker stubs
 *(.glue_7t)
 .glue_7t       0x0000000008009ae6        0x0 linker stubs
 *(.eh_frame)
 *fill*         0x0000000008009ae6        0x2 
 .eh_frame      0x0000000008009ae8        0x0 c:/st/stm32cubeide_1.11.2/stm32cubeide/plugins/com.st.stm32cube.ide.mcu.externaltools.gnu-tools-for-stm32.10.3-2021.10.win32_1.0.200.202301161003/tools/bin/../lib/gcc/arm-none-eabi/10.3.1/thumb/v7e-m+fp/hard/crtbegin.o
 *(.init)
 .init          0x0000000008009ae8        0x4 c:/st/stm32cubeide_1.11.2/stm32cubeide/plugins/com.st.stm32cube.ide.mcu.externaltools.gnu-tools-for-stm32.10.3-2021.10.win32_1.0.200.202301161003/tools/bin/../lib/gcc/arm-none-eabi/10.3.1/thumb/v7e-m+fp/hard/crti.o
                0x0000000008009ae8                _init
 .init          0x0000000008009aec        0x8 c:/st/stm32cubeide_1.11.2/stm32cubeide/plugins/com.st.stm32cube.ide.mcu.externaltools.gnu-tools-for-stm32.10.3-2021.10.win32_1.0.200.202301161003/tools/bin/../lib/gcc/arm-none-eabi/10.3.1/thumb/v7e-m+fp/hard/crtn.o
 *(.fini)
 .fini          0x0000000008009af4        0x4 c:/st/stm32cubeide_1.11.2/stm32cubeide/plugins/com.st.stm32cube.ide.mcu.externaltools.gnu-tools-for-stm32.10.3-2021.10.win32_1.0.200.202301161003/tools/bin/../lib/gcc/arm-none-eabi/10.3.1/thumb/v7e-m+fp/hard/crti.o
                0x0000000008009af4                _fini
 .fini          0x0000000008009af8        0x8 c:/st/stm32cubeide_1.11.2/stm32cubeide/plugins/com.st.stm32cube.ide.mcu.externaltools.gnu-tools-for-stm32.10.3-2021.10.win32_1.0.200.202301161003/tools/bin/../lib/gcc/arm-none-eabi/10.3.1/thumb/v7e-m+fp/hard/crtn.o
                0x0000000008009b00                . = ALIGN (0x4)
                0x0000000008009b00                _etext = .

.vfp11_veneer   0x0000000008009b00        0x0
 .vfp11_veneer  0x0000000008009b00        0x0 linker stubs

.v4_bx          0x0000000008009b00        0x0
 .v4_bx         0x0000000008009b00        0x0 linker stubs

.iplt           0x0000000008009b00        0x0
 .iplt          0x0000000008009b00        0x0 c:/st/stm32cubeide_1.11.2/stm32cubeide/plugins/com.st.stm32cube.ide.mcu.externaltools.gnu-tools-for-stm32.10.3-2021.10.win32_1.0.200.202301161003/tools/bin/../lib/gcc/arm-none-eabi/10.3.1/thumb/v7e-m+fp/hard/crtbegin.o

.rodata         0x0000000008009b00      0x9c0
                0x0000000008009b00                . = ALIGN (0x4)
 *(.rodata)
 .rodata        0x0000000008009b00      0x7d0 ./Core/Src/main.o
 .rodata        0x000000000800a2d0       0x30 ./X-CUBE-AI/App/network_data.o
 *(.rodata*)
 .rodata.AHBPrescTable
                0x000000000800a300       0x10 ./Core/Src/system_stm32f4xx.o
                0x000000000800a300                AHBPrescTable
 .rodata.APBPrescTable
                0x000000000800a310        0x8 ./Core/Src/system_stm32f4xx.o
                0x000000000800a310                APBPrescTable
 .rodata.dense_7_chain
                0x000000000800a318        0x8 ./X-CUBE-AI/App/network.o
 .rodata.dense_7_dense_chain
                0x000000000800a320        0x8 ./X-CUBE-AI/App/network.o
 .rodata.dense_6_chain
                0x000000000800a328        0x8 ./X-CUBE-AI/App/network.o
 .rodata.dense_6_dense_chain
                0x000000000800a330        0x8 ./X-CUBE-AI/App/network.o
 *fill*         0x000000000800a338        0x8 
 .rodata.s_network_weights_array_u64
                0x000000000800a340       0xd8 ./X-CUBE-AI/App/network_data_params.o
                0x000000000800a340                s_network_weights_array_u64
 .rodata.__sf_fake_stderr
                0x000000000800a418       0x20 c:/st/stm32cubeide_1.11.2/stm32cubeide/plugins/com.st.stm32cube.ide.mcu.externaltools.gnu-tools-for-stm32.10.3-2021.10.win32_1.0.200.202301161003/tools/bin/../lib/gcc/arm-none-eabi/10.3.1/../../../../arm-none-eabi/lib/thumb/v7e-m+fp/hard\libc_nano.a(lib_a-findfp.o)
                0x000000000800a418                __sf_fake_stderr
 .rodata.__sf_fake_stdin
                0x000000000800a438       0x20 c:/st/stm32cubeide_1.11.2/stm32cubeide/plugins/com.st.stm32cube.ide.mcu.externaltools.gnu-tools-for-stm32.10.3-2021.10.win32_1.0.200.202301161003/tools/bin/../lib/gcc/arm-none-eabi/10.3.1/../../../../arm-none-eabi/lib/thumb/v7e-m+fp/hard\libc_nano.a(lib_a-findfp.o)
                0x000000000800a438                __sf_fake_stdin
 .rodata.__sf_fake_stdout
                0x000000000800a458       0x20 c:/st/stm32cubeide_1.11.2/stm32cubeide/plugins/com.st.stm32cube.ide.mcu.externaltools.gnu-tools-for-stm32.10.3-2021.10.win32_1.0.200.202301161003/tools/bin/../lib/gcc/arm-none-eabi/10.3.1/../../../../arm-none-eabi/lib/thumb/v7e-m+fp/hard\libc_nano.a(lib_a-findfp.o)
                0x000000000800a458                __sf_fake_stdout
 .rodata.bp     0x000000000800a478       0x10 c:/st/stm32cubeide_1.11.2/stm32cubeide/plugins/com.st.stm32cube.ide.mcu.externaltools.gnu-tools-for-stm32.10.3-2021.10.win32_1.0.200.202301161003/tools/bin/../lib/gcc/arm-none-eabi/10.3.1/../../../../arm-none-eabi/lib/thumb/v7e-m+fp/hard\libm.a(lib_a-e_pow.o)
 .rodata.dp_h   0x000000000800a488       0x10 c:/st/stm32cubeide_1.11.2/stm32cubeide/plugins/com.st.stm32cube.ide.mcu.externaltools.gnu-tools-for-stm32.10.3-2021.10.win32_1.0.200.202301161003/tools/bin/../lib/gcc/arm-none-eabi/10.3.1/../../../../arm-none-eabi/lib/thumb/v7e-m+fp/hard\libm.a(lib_a-e_pow.o)
 .rodata.dp_l   0x000000000800a498       0x10 c:/st/stm32cubeide_1.11.2/stm32cubeide/plugins/com.st.stm32cube.ide.mcu.externaltools.gnu-tools-for-stm32.10.3-2021.10.win32_1.0.200.202301161003/tools/bin/../lib/gcc/arm-none-eabi/10.3.1/../../../../arm-none-eabi/lib/thumb/v7e-m+fp/hard\libm.a(lib_a-e_pow.o)
 .rodata.halF   0x000000000800a4a8        0x8 c:/st/stm32cubeide_1.11.2/stm32cubeide/plugins/com.st.stm32cube.ide.mcu.externaltools.gnu-tools-for-stm32.10.3-2021.10.win32_1.0.200.202301161003/tools/bin/../lib/gcc/arm-none-eabi/10.3.1/../../../../arm-none-eabi/lib/thumb/v7e-m+fp/hard\libm.a(lib_a-ef_exp.o)
 .rodata.ln2HI  0x000000000800a4b0        0x8 c:/st/stm32cubeide_1.11.2/stm32cubeide/plugins/com.st.stm32cube.ide.mcu.externaltools.gnu-tools-for-stm32.10.3-2021.10.win32_1.0.200.202301161003/tools/bin/../lib/gcc/arm-none-eabi/10.3.1/../../../../arm-none-eabi/lib/thumb/v7e-m+fp/hard\libm.a(lib_a-ef_exp.o)
 .rodata.ln2LO  0x000000000800a4b8        0x8 c:/st/stm32cubeide_1.11.2/stm32cubeide/plugins/com.st.stm32cube.ide.mcu.externaltools.gnu-tools-for-stm32.10.3-2021.10.win32_1.0.200.202301161003/tools/bin/../lib/gcc/arm-none-eabi/10.3.1/../../../../arm-none-eabi/lib/thumb/v7e-m+fp/hard\libm.a(lib_a-ef_exp.o)
                0x000000000800a4c0                . = ALIGN (0x4)

.ARM.extab      0x000000000800a4c0        0x0
                0x000000000800a4c0                . = ALIGN (0x4)
 *(.ARM.extab* .gnu.linkonce.armextab.*)
                0x000000000800a4c0                . = ALIGN (0x4)

.ARM            0x000000000800a4c0        0x8
                0x000000000800a4c0                . = ALIGN (0x4)
                0x000000000800a4c0                __exidx_start = .
 *(.ARM.exidx*)
 .ARM.exidx     0x000000000800a4c0        0x8 c:/st/stm32cubeide_1.11.2/stm32cubeide/plugins/com.st.stm32cube.ide.mcu.externaltools.gnu-tools-for-stm32.10.3-2021.10.win32_1.0.200.202301161003/tools/bin/../lib/gcc/arm-none-eabi/10.3.1/thumb/v7e-m+fp/hard\libgcc.a(_udivmoddi4.o)
                0x000000000800a4c8                __exidx_end = .
                0x000000000800a4c8                . = ALIGN (0x4)

.rel.dyn        0x000000000800a4c8        0x0
 .rel.iplt      0x000000000800a4c8        0x0 c:/st/stm32cubeide_1.11.2/stm32cubeide/plugins/com.st.stm32cube.ide.mcu.externaltools.gnu-tools-for-stm32.10.3-2021.10.win32_1.0.200.202301161003/tools/bin/../lib/gcc/arm-none-eabi/10.3.1/thumb/v7e-m+fp/hard/crtbegin.o

.preinit_array  0x000000000800a4c8        0x0
                0x000000000800a4c8                . = ALIGN (0x4)
                0x000000000800a4c8                PROVIDE (__preinit_array_start = .)
 *(.preinit_array*)
                0x000000000800a4c8                PROVIDE (__preinit_array_end = .)
                0x000000000800a4c8                . = ALIGN (0x4)

.init_array     0x000000000800a4c8        0x4
                0x000000000800a4c8                . = ALIGN (0x4)
                0x000000000800a4c8                PROVIDE (__init_array_start = .)
 *(SORT_BY_NAME(.init_array.*))
 *(.init_array*)
 .init_array    0x000000000800a4c8        0x4 c:/st/stm32cubeide_1.11.2/stm32cubeide/plugins/com.st.stm32cube.ide.mcu.externaltools.gnu-tools-for-stm32.10.3-2021.10.win32_1.0.200.202301161003/tools/bin/../lib/gcc/arm-none-eabi/10.3.1/thumb/v7e-m+fp/hard/crtbegin.o
                0x000000000800a4cc                PROVIDE (__init_array_end = .)
                0x000000000800a4cc                . = ALIGN (0x4)

.fini_array     0x000000000800a4cc        0x4
                0x000000000800a4cc                . = ALIGN (0x4)
                [!provide]                        PROVIDE (__fini_array_start = .)
 *(SORT_BY_NAME(.fini_array.*))
 *(.fini_array*)
 .fini_array    0x000000000800a4cc        0x4 c:/st/stm32cubeide_1.11.2/stm32cubeide/plugins/com.st.stm32cube.ide.mcu.externaltools.gnu-tools-for-stm32.10.3-2021.10.win32_1.0.200.202301161003/tools/bin/../lib/gcc/arm-none-eabi/10.3.1/thumb/v7e-m+fp/hard/crtbegin.o
                [!provide]                        PROVIDE (__fini_array_end = .)
                0x000000000800a4d0                . = ALIGN (0x4)
                0x000000000800a4d0                _sidata = LOADADDR (.data)

.data           0x0000000020000000      0x5b8 load address 0x000000000800a4d0
                0x0000000020000000                . = ALIGN (0x4)
                0x0000000020000000                _sdata = .
 *(.data)
 *(.data*)
 .data.SystemCoreClock
                0x0000000020000000        0x4 ./Core/Src/system_stm32f4xx.o
                0x0000000020000000                SystemCoreClock
 .data.uwTickPrio
                0x0000000020000004        0x4 ./Drivers/STM32F4xx_HAL_Driver/stm32f4xx_hal.o
                0x0000000020000004                uwTickPrio
 .data.uwTickFreq
                0x0000000020000008        0x1 ./Drivers/STM32F4xx_HAL_Driver/stm32f4xx_hal.o
                0x0000000020000008                uwTickFreq
 *fill*         0x0000000020000009        0x3 
 .data.dense_6_dense_output_array
                0x000000002000000c       0x10 ./X-CUBE-AI/App/network.o
 .data.dense_6_output_array
                0x000000002000001c       0x10 ./X-CUBE-AI/App/network.o
 .data.dense_7_dense_output_array
                0x000000002000002c       0x10 ./X-CUBE-AI/App/network.o
 .data.dense_7_output_array
                0x000000002000003c       0x10 ./X-CUBE-AI/App/network.o
 .data.dense_6_dense_weights_array
                0x000000002000004c       0x10 ./X-CUBE-AI/App/network.o
 .data.dense_6_dense_bias_array
                0x000000002000005c       0x10 ./X-CUBE-AI/App/network.o
 .data.dense_7_dense_weights_array
                0x000000002000006c       0x10 ./X-CUBE-AI/App/network.o
 .data.dense_7_dense_bias_array
                0x000000002000007c       0x10 ./X-CUBE-AI/App/network.o
 .data.input_0_output_array
                0x000000002000008c       0x10 ./X-CUBE-AI/App/network.o
 .data.__compound_literal.0
                0x000000002000009c       0x10 ./X-CUBE-AI/App/network.o
 .data.__compound_literal.1
                0x00000000200000ac       0x10 ./X-CUBE-AI/App/network.o
 .data.dense_6_dense_output
                0x00000000200000bc       0x1c ./X-CUBE-AI/App/network.o
 .data.__compound_literal.2
                0x00000000200000d8       0x10 ./X-CUBE-AI/App/network.o
 .data.__compound_literal.3
                0x00000000200000e8       0x10 ./X-CUBE-AI/App/network.o
 .data.dense_6_output
                0x00000000200000f8       0x1c ./X-CUBE-AI/App/network.o
 .data.__compound_literal.4
                0x0000000020000114       0x10 ./X-CUBE-AI/App/network.o
 .data.__compound_literal.5
                0x0000000020000124       0x10 ./X-CUBE-AI/App/network.o
 .data.dense_7_dense_output
                0x0000000020000134       0x1c ./X-CUBE-AI/App/network.o
 .data.__compound_literal.6
                0x0000000020000150       0x10 ./X-CUBE-AI/App/network.o
 .data.__compound_literal.7
                0x0000000020000160       0x10 ./X-CUBE-AI/App/network.o
 .data.dense_7_output
                0x0000000020000170       0x1c ./X-CUBE-AI/App/network.o
 .data.__compound_literal.8
                0x000000002000018c       0x10 ./X-CUBE-AI/App/network.o
 .data.__compound_literal.9
                0x000000002000019c       0x10 ./X-CUBE-AI/App/network.o
 .data.dense_6_dense_weights
                0x00000000200001ac       0x1c ./X-CUBE-AI/App/network.o
 .data.__compound_literal.10
                0x00000000200001c8       0x10 ./X-CUBE-AI/App/network.o
 .data.__compound_literal.11
                0x00000000200001d8       0x10 ./X-CUBE-AI/App/network.o
 .data.dense_6_dense_bias
                0x00000000200001e8       0x1c ./X-CUBE-AI/App/network.o
 .data.__compound_literal.12
                0x0000000020000204       0x10 ./X-CUBE-AI/App/network.o
 .data.__compound_literal.13
                0x0000000020000214       0x10 ./X-CUBE-AI/App/network.o
 .data.dense_7_dense_weights
                0x0000000020000224       0x1c ./X-CUBE-AI/App/network.o
 .data.__compound_literal.14
                0x0000000020000240       0x10 ./X-CUBE-AI/App/network.o
 .data.__compound_literal.15
                0x0000000020000250       0x10 ./X-CUBE-AI/App/network.o
 .data.dense_7_dense_bias
                0x0000000020000260       0x1c ./X-CUBE-AI/App/network.o
 .data.__compound_literal.16
                0x000000002000027c       0x10 ./X-CUBE-AI/App/network.o
 .data.__compound_literal.17
                0x000000002000028c       0x10 ./X-CUBE-AI/App/network.o
 .data.input_0_output
                0x000000002000029c       0x1c ./X-CUBE-AI/App/network.o
 .data.__compound_literal.18
                0x00000000200002b8        0x4 ./X-CUBE-AI/App/network.o
 .data.__compound_literal.19
                0x00000000200002bc        0x4 ./X-CUBE-AI/App/network.o
 .data.__compound_literal.22
                0x00000000200002c0       0x30 ./X-CUBE-AI/App/network.o
 .data.dense_7_layer
                0x00000000200002f0       0x20 ./X-CUBE-AI/App/network.o
 .data.__compound_literal.23
                0x0000000020000310        0x4 ./X-CUBE-AI/App/network.o
 .data.__compound_literal.24
                0x0000000020000314        0x4 ./X-CUBE-AI/App/network.o
 .data.__compound_literal.25
                0x0000000020000318        0x8 ./X-CUBE-AI/App/network.o
 .data.__compound_literal.27
                0x0000000020000320       0x30 ./X-CUBE-AI/App/network.o
 .data.dense_7_dense_layer
                0x0000000020000350       0x1c ./X-CUBE-AI/App/network.o
 .data.__compound_literal.28
                0x000000002000036c        0x4 ./X-CUBE-AI/App/network.o
 .data.__compound_literal.29
                0x0000000020000370        0x4 ./X-CUBE-AI/App/network.o
 .data.__compound_literal.32
                0x0000000020000374       0x30 ./X-CUBE-AI/App/network.o
 .data.dense_6_layer
                0x00000000200003a4       0x20 ./X-CUBE-AI/App/network.o
 .data.__compound_literal.33
                0x00000000200003c4        0x4 ./X-CUBE-AI/App/network.o
 .data.__compound_literal.34
                0x00000000200003c8        0x4 ./X-CUBE-AI/App/network.o
 .data.__compound_literal.35
                0x00000000200003cc        0x8 ./X-CUBE-AI/App/network.o
 .data.__compound_literal.37
                0x00000000200003d4       0x30 ./X-CUBE-AI/App/network.o
 .data.dense_6_dense_layer
                0x0000000020000404       0x1c ./X-CUBE-AI/App/network.o
 .data.__compound_literal.38
                0x0000000020000420       0x10 ./X-CUBE-AI/App/network.o
 .data.__compound_literal.39
                0x0000000020000430       0x1c ./X-CUBE-AI/App/network.o
 .data.__compound_literal.40
                0x000000002000044c       0x10 ./X-CUBE-AI/App/network.o
 .data.__compound_literal.41
                0x000000002000045c       0x1c ./X-CUBE-AI/App/network.o
 .data.__compound_literal.42
                0x0000000020000478        0x4 ./X-CUBE-AI/App/network.o
 .data.__compound_literal.46
                0x000000002000047c        0xc ./X-CUBE-AI/App/network.o
 .data.__compound_literal.47
                0x0000000020000488        0x4 ./X-CUBE-AI/App/network.o
 .data.__compound_literal.51
                0x000000002000048c        0xc ./X-CUBE-AI/App/network.o
 .data.__compound_literal.52
                0x0000000020000498       0x18 ./X-CUBE-AI/App/network.o
 .data.g_network
                0x00000000200004b0       0x4c ./X-CUBE-AI/App/network.o
 .data.__compound_literal.0
                0x00000000200004fc       0x10 ./X-CUBE-AI/App/network_data.o
 .data.g_network_data_map_activations
                0x000000002000050c       0x1c ./X-CUBE-AI/App/network_data.o
                0x000000002000050c                g_network_data_map_activations
 .data.__compound_literal.1
                0x0000000020000528       0x10 ./X-CUBE-AI/App/network_data.o
 .data.g_network_data_map_weights
                0x0000000020000538       0x1c ./X-CUBE-AI/App/network_data.o
                0x0000000020000538                g_network_data_map_weights
 .data._impure_ptr
                0x0000000020000554        0x4 c:/st/stm32cubeide_1.11.2/stm32cubeide/plugins/com.st.stm32cube.ide.mcu.externaltools.gnu-tools-for-stm32.10.3-2021.10.win32_1.0.200.202301161003/tools/bin/../lib/gcc/arm-none-eabi/10.3.1/../../../../arm-none-eabi/lib/thumb/v7e-m+fp/hard\libc_nano.a(lib_a-impure.o)
                0x0000000020000554                _impure_ptr
 .data.impure_data
                0x0000000020000558       0x60 c:/st/stm32cubeide_1.11.2/stm32cubeide/plugins/com.st.stm32cube.ide.mcu.externaltools.gnu-tools-for-stm32.10.3-2021.10.win32_1.0.200.202301161003/tools/bin/../lib/gcc/arm-none-eabi/10.3.1/../../../../arm-none-eabi/lib/thumb/v7e-m+fp/hard\libc_nano.a(lib_a-impure.o)
 *(.RamFunc)
 *(.RamFunc*)
                0x00000000200005b8                . = ALIGN (0x4)
                0x00000000200005b8                _edata = .

.igot.plt       0x00000000200005b8        0x0 load address 0x000000000800aa88
 .igot.plt      0x00000000200005b8        0x0 c:/st/stm32cubeide_1.11.2/stm32cubeide/plugins/com.st.stm32cube.ide.mcu.externaltools.gnu-tools-for-stm32.10.3-2021.10.win32_1.0.200.202301161003/tools/bin/../lib/gcc/arm-none-eabi/10.3.1/thumb/v7e-m+fp/hard/crtbegin.o
                0x00000000200005b8                . = ALIGN (0x4)

.bss            0x00000000200005c0      0x418 load address 0x000000000800aa88
                0x00000000200005c0                _sbss = .
                0x00000000200005c0                __bss_start__ = _sbss
 *(.bss)
 .bss           0x00000000200005c0       0x1c c:/st/stm32cubeide_1.11.2/stm32cubeide/plugins/com.st.stm32cube.ide.mcu.externaltools.gnu-tools-for-stm32.10.3-2021.10.win32_1.0.200.202301161003/tools/bin/../lib/gcc/arm-none-eabi/10.3.1/thumb/v7e-m+fp/hard/crtbegin.o
 *(.bss*)
 .bss.hadc1     0x00000000200005dc       0x48 ./Core/Src/adc.o
                0x00000000200005dc                hadc1
 .bss.hadc2     0x0000000020000624       0x48 ./Core/Src/adc.o
                0x0000000020000624                hadc2
 .bss.hadc3     0x000000002000066c       0x48 ./Core/Src/adc.o
                0x000000002000066c                hadc3
 .bss.hcrc      0x00000000200006b4        0x8 ./Core/Src/crc.o
                0x00000000200006b4                hcrc
 .bss.sensor    0x00000000200006bc        0x4 ./Core/Src/main.o
                0x00000000200006bc                sensor
 .bss.Fest      0x00000000200006c0        0x4 ./Core/Src/main.o
                0x00000000200006c0                Fest
 .bss.Gun       0x00000000200006c4        0x4 ./Core/Src/main.o
                0x00000000200006c4                Gun
 .bss.Rest      0x00000000200006c8        0x4 ./Core/Src/main.o
                0x00000000200006c8                Rest
 .bss.Mode      0x00000000200006cc        0x4 ./Core/Src/main.o
                0x00000000200006cc                Mode
 .bss.network   0x00000000200006d0        0x4 ./Core/Src/main.o
 *fill*         0x00000000200006d4        0xc 
 .bss.activations
                0x00000000200006e0       0x2c ./Core/Src/main.o
 *fill*         0x000000002000070c       0x14 
 .bss.in_data   0x0000000020000720       0x18 ./Core/Src/main.o
 *fill*         0x0000000020000738        0x8 
 .bss.out_data  0x0000000020000740        0xc ./Core/Src/main.o
 .bss.ai_input  0x000000002000074c        0x4 ./Core/Src/main.o
 .bss.ai_output
                0x0000000020000750        0x4 ./Core/Src/main.o
 .bss.hadc_g    0x0000000020000754        0x4 ./Core/Src/sensor_readings.o
                0x0000000020000754                hadc_g
 .bss.htim2     0x0000000020000758       0x48 ./Core/Src/tim.o
                0x0000000020000758                htim2
 .bss.htim10    0x00000000200007a0       0x48 ./Core/Src/tim.o
                0x00000000200007a0                htim10
 .bss.htim11    0x00000000200007e8       0x48 ./Core/Src/tim.o
                0x00000000200007e8                htim11
 .bss.htim12    0x0000000020000830       0x48 ./Core/Src/tim.o
                0x0000000020000830                htim12
 .bss.htim13    0x0000000020000878       0x48 ./Core/Src/tim.o
                0x0000000020000878                htim13
 .bss.htim14    0x00000000200008c0       0x48 ./Core/Src/tim.o
                0x00000000200008c0                htim14
 .bss.huart2    0x0000000020000908       0x44 ./Core/Src/usart.o
                0x0000000020000908                huart2
 .bss.uwTick    0x000000002000094c        0x4 ./Drivers/STM32F4xx_HAL_Driver/stm32f4xx_hal.o
                0x000000002000094c                uwTick
 .bss.g_network_activations_map
                0x0000000020000950        0x4 ./X-CUBE-AI/App/network.o
 .bss.g_network_weights_map
                0x0000000020000954        0x4 ./X-CUBE-AI/App/network.o
 .bss.__compound_literal.20
                0x0000000020000958        0x4 ./X-CUBE-AI/App/network.o
 .bss.__compound_literal.21
                0x000000002000095c        0x4 ./X-CUBE-AI/App/network.o
 .bss.__compound_literal.26
                0x0000000020000960        0x4 ./X-CUBE-AI/App/network.o
 .bss.__compound_literal.30
                0x0000000020000964        0x4 ./X-CUBE-AI/App/network.o
 .bss.__compound_literal.31
                0x0000000020000968        0x4 ./X-CUBE-AI/App/network.o
 .bss.__compound_literal.36
                0x000000002000096c        0x4 ./X-CUBE-AI/App/network.o
 .bss.__compound_literal.43
                0x0000000020000970       0x1c ./X-CUBE-AI/App/network.o
 .bss.__compound_literal.44
                0x000000002000098c       0x10 ./X-CUBE-AI/App/network.o
 .bss.__compound_literal.45
                0x000000002000099c        0x8 ./X-CUBE-AI/App/network.o
 .bss.__compound_literal.48
                0x00000000200009a4       0x1c ./X-CUBE-AI/App/network.o
 .bss.__compound_literal.49
                0x00000000200009c0       0x10 ./X-CUBE-AI/App/network.o
 .bss.__compound_literal.50
                0x00000000200009d0        0x8 ./X-CUBE-AI/App/network.o
 *(COMMON)
                0x00000000200009d8                . = ALIGN (0x4)
                0x00000000200009d8                _ebss = .
                0x00000000200009d8                __bss_end__ = _ebss

._user_heap_stack
                0x00000000200009d8     0x1000 load address 0x000000000800aa88
                0x00000000200009d8                . = ALIGN (0x8)
                [!provide]                        PROVIDE (end = .)
                0x00000000200009d8                PROVIDE (_end = .)
                0x00000000200011d8                . = (. + _Min_Heap_Size)
 *fill*         0x00000000200009d8      0x800 
                0x00000000200019d8                . = (. + _Min_Stack_Size)
 *fill*         0x00000000200011d8      0x800 
                0x00000000200019d8                . = ALIGN (0x8)

/DISCARD/
 libc.a(*)
 libm.a(*)
 libgcc.a(*)

.ARM.attributes
                0x0000000000000000       0x30
 *(.ARM.attributes)
 .ARM.attributes
                0x0000000000000000       0x1e c:/st/stm32cubeide_1.11.2/stm32cubeide/plugins/com.st.stm32cube.ide.mcu.externaltools.gnu-tools-for-stm32.10.3-2021.10.win32_1.0.200.202301161003/tools/bin/../lib/gcc/arm-none-eabi/10.3.1/thumb/v7e-m+fp/hard/crti.o
 .ARM.attributes
                0x000000000000001e       0x34 c:/st/stm32cubeide_1.11.2/stm32cubeide/plugins/com.st.stm32cube.ide.mcu.externaltools.gnu-tools-for-stm32.10.3-2021.10.win32_1.0.200.202301161003/tools/bin/../lib/gcc/arm-none-eabi/10.3.1/thumb/v7e-m+fp/hard/crtbegin.o
 .ARM.attributes
                0x0000000000000052       0x34 ./Core/Src/FEAT_EXT.o
 .ARM.attributes
                0x0000000000000086       0x34 ./Core/Src/Mapping.o
 .ARM.attributes
                0x00000000000000ba       0x34 ./Core/Src/NORM_program.o
 .ARM.attributes
                0x00000000000000ee       0x34 ./Core/Src/PWM.o
 .ARM.attributes
                0x0000000000000122       0x34 ./Core/Src/adc.o
 .ARM.attributes
                0x0000000000000156       0x34 ./Core/Src/crc.o
 .ARM.attributes
                0x000000000000018a       0x34 ./Core/Src/gpio.o
 .ARM.attributes
                0x00000000000001be       0x34 ./Core/Src/main.o
 .ARM.attributes
                0x00000000000001f2       0x34 ./Core/Src/sensor_readings.o
 .ARM.attributes
                0x0000000000000226       0x34 ./Core/Src/servo.o
 .ARM.attributes
                0x000000000000025a       0x34 ./Core/Src/stm32f4xx_hal_msp.o
 .ARM.attributes
                0x000000000000028e       0x34 ./Core/Src/stm32f4xx_it.o
 .ARM.attributes
                0x00000000000002c2       0x34 ./Core/Src/system_stm32f4xx.o
 .ARM.attributes
                0x00000000000002f6       0x34 ./Core/Src/tim.o
 .ARM.attributes
                0x000000000000032a       0x34 ./Core/Src/usart.o
 .ARM.attributes
                0x000000000000035e       0x21 ./Core/Startup/startup_stm32f446retx.o
 .ARM.attributes
                0x000000000000037f       0x34 ./Drivers/STM32F4xx_HAL_Driver/stm32f4xx_hal.o
 .ARM.attributes
                0x00000000000003b3       0x34 ./Drivers/STM32F4xx_HAL_Driver/stm32f4xx_hal_adc.o
 .ARM.attributes
                0x00000000000003e7       0x34 ./Drivers/STM32F4xx_HAL_Driver/stm32f4xx_hal_adc_ex.o
 .ARM.attributes
                0x000000000000041b       0x34 ./Drivers/STM32F4xx_HAL_Driver/stm32f4xx_hal_cortex.o
 .ARM.attributes
                0x000000000000044f       0x34 ./Drivers/STM32F4xx_HAL_Driver/stm32f4xx_hal_crc.o
 .ARM.attributes
                0x0000000000000483       0x34 ./Drivers/STM32F4xx_HAL_Driver/stm32f4xx_hal_gpio.o
 .ARM.attributes
                0x00000000000004b7       0x34 ./Drivers/STM32F4xx_HAL_Driver/stm32f4xx_hal_rcc.o
 .ARM.attributes
                0x00000000000004eb       0x34 ./Drivers/STM32F4xx_HAL_Driver/stm32f4xx_hal_rcc_ex.o
 .ARM.attributes
                0x000000000000051f       0x34 ./Drivers/STM32F4xx_HAL_Driver/stm32f4xx_hal_tim.o
 .ARM.attributes
                0x0000000000000553       0x34 ./Drivers/STM32F4xx_HAL_Driver/stm32f4xx_hal_tim_ex.o
 .ARM.attributes
                0x0000000000000587       0x34 ./Drivers/STM32F4xx_HAL_Driver/stm32f4xx_hal_uart.o
 .ARM.attributes
                0x00000000000005bb       0x34 ./X-CUBE-AI/App/network.o
 .ARM.attributes
                0x00000000000005ef       0x34 ./X-CUBE-AI/App/network_data.o
 .ARM.attributes
                0x0000000000000623       0x34 ./X-CUBE-AI/App/network_data_params.o
 .ARM.attributes
                0x0000000000000657       0x30 ../Middlewares/ST/AI/Lib\NetworkRuntime801_CM4_GCC.a(ai_platform.o)
 .ARM.attributes
                0x0000000000000687       0x30 ../Middlewares/ST/AI/Lib\NetworkRuntime801_CM4_GCC.a(ai_platform_interface.o)
 .ARM.attributes
                0x00000000000006b7       0x30 ../Middlewares/ST/AI/Lib\NetworkRuntime801_CM4_GCC.a(core_common.o)
 .ARM.attributes
                0x00000000000006e7       0x30 ../Middlewares/ST/AI/Lib\NetworkRuntime801_CM4_GCC.a(layers_conv2d_generic_float.o)
 .ARM.attributes
                0x0000000000000717       0x30 ../Middlewares/ST/AI/Lib\NetworkRuntime801_CM4_GCC.a(layers_nl_generic_float.o)
 .ARM.attributes
                0x0000000000000747       0x30 ../Middlewares/ST/AI/Lib\NetworkRuntime801_CM4_GCC.a(layers.o)
 .ARM.attributes
                0x0000000000000777       0x30 ../Middlewares/ST/AI/Lib\NetworkRuntime801_CM4_GCC.a(lite_dense_if32.o)
 .ARM.attributes
                0x00000000000007a7       0x30 ../Middlewares/ST/AI/Lib\NetworkRuntime801_CM4_GCC.a(ai_datatypes_internal.o)
 .ARM.attributes
                0x00000000000007d7       0x30 ../Middlewares/ST/AI/Lib\NetworkRuntime801_CM4_GCC.a(ai_datatypes_format.o)
 .ARM.attributes
                0x0000000000000807       0x34 c:/st/stm32cubeide_1.11.2/stm32cubeide/plugins/com.st.stm32cube.ide.mcu.externaltools.gnu-tools-for-stm32.10.3-2021.10.win32_1.0.200.202301161003/tools/bin/../lib/gcc/arm-none-eabi/10.3.1/../../../../arm-none-eabi/lib/thumb/v7e-m+fp/hard\libc_nano.a(lib_a-errno.o)
 .ARM.attributes
                0x000000000000083b       0x34 c:/st/stm32cubeide_1.11.2/stm32cubeide/plugins/com.st.stm32cube.ide.mcu.externaltools.gnu-tools-for-stm32.10.3-2021.10.win32_1.0.200.202301161003/tools/bin/../lib/gcc/arm-none-eabi/10.3.1/../../../../arm-none-eabi/lib/thumb/v7e-m+fp/hard\libc_nano.a(lib_a-impure.o)
 .ARM.attributes
                0x000000000000086f       0x34 c:/st/stm32cubeide_1.11.2/stm32cubeide/plugins/com.st.stm32cube.ide.mcu.externaltools.gnu-tools-for-stm32.10.3-2021.10.win32_1.0.200.202301161003/tools/bin/../lib/gcc/arm-none-eabi/10.3.1/../../../../arm-none-eabi/lib/thumb/v7e-m+fp/hard\libc_nano.a(lib_a-init.o)
 .ARM.attributes
                0x00000000000008a3       0x34 c:/st/stm32cubeide_1.11.2/stm32cubeide/plugins/com.st.stm32cube.ide.mcu.externaltools.gnu-tools-for-stm32.10.3-2021.10.win32_1.0.200.202301161003/tools/bin/../lib/gcc/arm-none-eabi/10.3.1/../../../../arm-none-eabi/lib/thumb/v7e-m+fp/hard\libc_nano.a(lib_a-memcpy-stub.o)
 .ARM.attributes
                0x00000000000008d7       0x34 c:/st/stm32cubeide_1.11.2/stm32cubeide/plugins/com.st.stm32cube.ide.mcu.externaltools.gnu-tools-for-stm32.10.3-2021.10.win32_1.0.200.202301161003/tools/bin/../lib/gcc/arm-none-eabi/10.3.1/../../../../arm-none-eabi/lib/thumb/v7e-m+fp/hard\libc_nano.a(lib_a-memset.o)
 .ARM.attributes
                0x000000000000090b       0x34 c:/st/stm32cubeide_1.11.2/stm32cubeide/plugins/com.st.stm32cube.ide.mcu.externaltools.gnu-tools-for-stm32.10.3-2021.10.win32_1.0.200.202301161003/tools/bin/../lib/gcc/arm-none-eabi/10.3.1/../../../../arm-none-eabi/lib/thumb/v7e-m+fp/hard\libc_nano.a(lib_a-findfp.o)
 .ARM.attributes
                0x000000000000093f       0x34 c:/st/stm32cubeide_1.11.2/stm32cubeide/plugins/com.st.stm32cube.ide.mcu.externaltools.gnu-tools-for-stm32.10.3-2021.10.win32_1.0.200.202301161003/tools/bin/../lib/gcc/arm-none-eabi/10.3.1/../../../../arm-none-eabi/lib/thumb/v7e-m+fp/hard\libm.a(lib_a-w_pow.o)
 .ARM.attributes
                0x0000000000000973       0x34 c:/st/stm32cubeide_1.11.2/stm32cubeide/plugins/com.st.stm32cube.ide.mcu.externaltools.gnu-tools-for-stm32.10.3-2021.10.win32_1.0.200.202301161003/tools/bin/../lib/gcc/arm-none-eabi/10.3.1/../../../../arm-none-eabi/lib/thumb/v7e-m+fp/hard\libm.a(lib_a-wf_exp.o)
 .ARM.attributes
                0x00000000000009a7       0x34 c:/st/stm32cubeide_1.11.2/stm32cubeide/plugins/com.st.stm32cube.ide.mcu.externaltools.gnu-tools-for-stm32.10.3-2021.10.win32_1.0.200.202301161003/tools/bin/../lib/gcc/arm-none-eabi/10.3.1/../../../../arm-none-eabi/lib/thumb/v7e-m+fp/hard\libm.a(lib_a-wf_sqrt.o)
 .ARM.attributes
                0x00000000000009db       0x34 c:/st/stm32cubeide_1.11.2/stm32cubeide/plugins/com.st.stm32cube.ide.mcu.externaltools.gnu-tools-for-stm32.10.3-2021.10.win32_1.0.200.202301161003/tools/bin/../lib/gcc/arm-none-eabi/10.3.1/../../../../arm-none-eabi/lib/thumb/v7e-m+fp/hard\libm.a(lib_a-e_pow.o)
 .ARM.attributes
                0x0000000000000a0f       0x34 c:/st/stm32cubeide_1.11.2/stm32cubeide/plugins/com.st.stm32cube.ide.mcu.externaltools.gnu-tools-for-stm32.10.3-2021.10.win32_1.0.200.202301161003/tools/bin/../lib/gcc/arm-none-eabi/10.3.1/../../../../arm-none-eabi/lib/thumb/v7e-m+fp/hard\libm.a(lib_a-e_sqrt.o)
 .ARM.attributes
                0x0000000000000a43       0x34 c:/st/stm32cubeide_1.11.2/stm32cubeide/plugins/com.st.stm32cube.ide.mcu.externaltools.gnu-tools-for-stm32.10.3-2021.10.win32_1.0.200.202301161003/tools/bin/../lib/gcc/arm-none-eabi/10.3.1/../../../../arm-none-eabi/lib/thumb/v7e-m+fp/hard\libm.a(lib_a-ef_exp.o)
 .ARM.attributes
                0x0000000000000a77       0x34 c:/st/stm32cubeide_1.11.2/stm32cubeide/plugins/com.st.stm32cube.ide.mcu.externaltools.gnu-tools-for-stm32.10.3-2021.10.win32_1.0.200.202301161003/tools/bin/../lib/gcc/arm-none-eabi/10.3.1/../../../../arm-none-eabi/lib/thumb/v7e-m+fp/hard\libm.a(lib_a-ef_sqrt.o)
 .ARM.attributes
                0x0000000000000aab       0x34 c:/st/stm32cubeide_1.11.2/stm32cubeide/plugins/com.st.stm32cube.ide.mcu.externaltools.gnu-tools-for-stm32.10.3-2021.10.win32_1.0.200.202301161003/tools/bin/../lib/gcc/arm-none-eabi/10.3.1/../../../../arm-none-eabi/lib/thumb/v7e-m+fp/hard\libm.a(lib_a-math_err.o)
 .ARM.attributes
                0x0000000000000adf       0x34 c:/st/stm32cubeide_1.11.2/stm32cubeide/plugins/com.st.stm32cube.ide.mcu.externaltools.gnu-tools-for-stm32.10.3-2021.10.win32_1.0.200.202301161003/tools/bin/../lib/gcc/arm-none-eabi/10.3.1/../../../../arm-none-eabi/lib/thumb/v7e-m+fp/hard\libm.a(lib_a-math_errf.o)
 .ARM.attributes
                0x0000000000000b13       0x34 c:/st/stm32cubeide_1.11.2/stm32cubeide/plugins/com.st.stm32cube.ide.mcu.externaltools.gnu-tools-for-stm32.10.3-2021.10.win32_1.0.200.202301161003/tools/bin/../lib/gcc/arm-none-eabi/10.3.1/../../../../arm-none-eabi/lib/thumb/v7e-m+fp/hard\libm.a(lib_a-s_fabs.o)
 .ARM.attributes
                0x0000000000000b47       0x34 c:/st/stm32cubeide_1.11.2/stm32cubeide/plugins/com.st.stm32cube.ide.mcu.externaltools.gnu-tools-for-stm32.10.3-2021.10.win32_1.0.200.202301161003/tools/bin/../lib/gcc/arm-none-eabi/10.3.1/../../../../arm-none-eabi/lib/thumb/v7e-m+fp/hard\libm.a(lib_a-s_finite.o)
 .ARM.attributes
                0x0000000000000b7b       0x34 c:/st/stm32cubeide_1.11.2/stm32cubeide/plugins/com.st.stm32cube.ide.mcu.externaltools.gnu-tools-for-stm32.10.3-2021.10.win32_1.0.200.202301161003/tools/bin/../lib/gcc/arm-none-eabi/10.3.1/../../../../arm-none-eabi/lib/thumb/v7e-m+fp/hard\libm.a(lib_a-s_scalbn.o)
 .ARM.attributes
                0x0000000000000baf       0x34 c:/st/stm32cubeide_1.11.2/stm32cubeide/plugins/com.st.stm32cube.ide.mcu.externaltools.gnu-tools-for-stm32.10.3-2021.10.win32_1.0.200.202301161003/tools/bin/../lib/gcc/arm-none-eabi/10.3.1/../../../../arm-none-eabi/lib/thumb/v7e-m+fp/hard\libm.a(lib_a-sf_finite.o)
 .ARM.attributes
                0x0000000000000be3       0x1e c:/st/stm32cubeide_1.11.2/stm32cubeide/plugins/com.st.stm32cube.ide.mcu.externaltools.gnu-tools-for-stm32.10.3-2021.10.win32_1.0.200.202301161003/tools/bin/../lib/gcc/arm-none-eabi/10.3.1/thumb/v7e-m+fp/hard\libgcc.a(_arm_addsubdf3.o)
 .ARM.attributes
                0x0000000000000c01       0x1e c:/st/stm32cubeide_1.11.2/stm32cubeide/plugins/com.st.stm32cube.ide.mcu.externaltools.gnu-tools-for-stm32.10.3-2021.10.win32_1.0.200.202301161003/tools/bin/../lib/gcc/arm-none-eabi/10.3.1/thumb/v7e-m+fp/hard\libgcc.a(_arm_muldivdf3.o)
 .ARM.attributes
                0x0000000000000c1f       0x1e c:/st/stm32cubeide_1.11.2/stm32cubeide/plugins/com.st.stm32cube.ide.mcu.externaltools.gnu-tools-for-stm32.10.3-2021.10.win32_1.0.200.202301161003/tools/bin/../lib/gcc/arm-none-eabi/10.3.1/thumb/v7e-m+fp/hard\libgcc.a(_arm_cmpdf2.o)
 .ARM.attributes
                0x0000000000000c3d       0x1e c:/st/stm32cubeide_1.11.2/stm32cubeide/plugins/com.st.stm32cube.ide.mcu.externaltools.gnu-tools-for-stm32.10.3-2021.10.win32_1.0.200.202301161003/tools/bin/../lib/gcc/arm-none-eabi/10.3.1/thumb/v7e-m+fp/hard\libgcc.a(_arm_unorddf2.o)
 .ARM.attributes
                0x0000000000000c5b       0x1e c:/st/stm32cubeide_1.11.2/stm32cubeide/plugins/com.st.stm32cube.ide.mcu.externaltools.gnu-tools-for-stm32.10.3-2021.10.win32_1.0.200.202301161003/tools/bin/../lib/gcc/arm-none-eabi/10.3.1/thumb/v7e-m+fp/hard\libgcc.a(_arm_truncdfsf2.o)
 .ARM.attributes
                0x0000000000000c79       0x1e c:/st/stm32cubeide_1.11.2/stm32cubeide/plugins/com.st.stm32cube.ide.mcu.externaltools.gnu-tools-for-stm32.10.3-2021.10.win32_1.0.200.202301161003/tools/bin/../lib/gcc/arm-none-eabi/10.3.1/thumb/v7e-m+fp/hard\libgcc.a(_aeabi_uldivmod.o)
 .ARM.attributes
                0x0000000000000c97       0x34 c:/st/stm32cubeide_1.11.2/stm32cubeide/plugins/com.st.stm32cube.ide.mcu.externaltools.gnu-tools-for-stm32.10.3-2021.10.win32_1.0.200.202301161003/tools/bin/../lib/gcc/arm-none-eabi/10.3.1/thumb/v7e-m+fp/hard\libgcc.a(_udivmoddi4.o)
 .ARM.attributes
                0x0000000000000ccb       0x1e c:/st/stm32cubeide_1.11.2/stm32cubeide/plugins/com.st.stm32cube.ide.mcu.externaltools.gnu-tools-for-stm32.10.3-2021.10.win32_1.0.200.202301161003/tools/bin/../lib/gcc/arm-none-eabi/10.3.1/thumb/v7e-m+fp/hard\libgcc.a(_dvmd_tls.o)
 .ARM.attributes
                0x0000000000000ce9       0x1e c:/st/stm32cubeide_1.11.2/stm32cubeide/plugins/com.st.stm32cube.ide.mcu.externaltools.gnu-tools-for-stm32.10.3-2021.10.win32_1.0.200.202301161003/tools/bin/../lib/gcc/arm-none-eabi/10.3.1/thumb/v7e-m+fp/hard/crtn.o
OUTPUT(integrated_model_3_move.elf elf32-littlearm)
LOAD linker stubs
LOAD c:/st/stm32cubeide_1.11.2/stm32cubeide/plugins/com.st.stm32cube.ide.mcu.externaltools.gnu-tools-for-stm32.10.3-2021.10.win32_1.0.200.202301161003/tools/bin/../lib/gcc/arm-none-eabi/10.3.1/../../../../arm-none-eabi/lib/thumb/v7e-m+fp/hard\libc.a
LOAD c:/st/stm32cubeide_1.11.2/stm32cubeide/plugins/com.st.stm32cube.ide.mcu.externaltools.gnu-tools-for-stm32.10.3-2021.10.win32_1.0.200.202301161003/tools/bin/../lib/gcc/arm-none-eabi/10.3.1/../../../../arm-none-eabi/lib/thumb/v7e-m+fp/hard\libm.a
LOAD c:/st/stm32cubeide_1.11.2/stm32cubeide/plugins/com.st.stm32cube.ide.mcu.externaltools.gnu-tools-for-stm32.10.3-2021.10.win32_1.0.200.202301161003/tools/bin/../lib/gcc/arm-none-eabi/10.3.1/thumb/v7e-m+fp/hard\libgcc.a

.debug_info     0x0000000000000000    0x15e47
 .debug_info    0x0000000000000000      0x39b ./Core/Src/FEAT_EXT.o
 .debug_info    0x000000000000039b      0x108 ./Core/Src/Mapping.o